Component: Arm Compiler for Embedded 6.18 Tool: armlink [5e4cc100]

==============================================================================

Section Cross References

    startup_stm32h750xx.o(RESET) refers to startup_stm32h750xx.o(STACK) for __initial_sp
    startup_stm32h750xx.o(RESET) refers to startup_stm32h750xx.o(.text) for Reset_Handler
    startup_stm32h750xx.o(RESET) refers to stm32h7xx_it.o(.text.NMI_Handler) for NMI_Handler
    startup_stm32h750xx.o(RESET) refers to stm32h7xx_it.o(.text.HardFault_Handler) for HardFault_Handler
    startup_stm32h750xx.o(RESET) refers to stm32h7xx_it.o(.text.MemManage_Handler) for MemManage_Handler
    startup_stm32h750xx.o(RESET) refers to stm32h7xx_it.o(.text.BusFault_Handler) for BusFault_Handler
    startup_stm32h750xx.o(RESET) refers to stm32h7xx_it.o(.text.UsageFault_Handler) for UsageFault_Handler
    startup_stm32h750xx.o(RESET) refers to stm32h7xx_it.o(.text.SVC_Handler) for SVC_Handler
    startup_stm32h750xx.o(RESET) refers to stm32h7xx_it.o(.text.DebugMon_Handler) for DebugMon_Handler
    startup_stm32h750xx.o(RESET) refers to stm32h7xx_it.o(.text.PendSV_Handler) for PendSV_Handler
    startup_stm32h750xx.o(RESET) refers to stm32h7xx_it.o(.text.SysTick_Handler) for SysTick_Handler
    startup_stm32h750xx.o(.text) refers to system_stm32h7xx.o(.text.SystemInit) for SystemInit
    startup_stm32h750xx.o(.text) refers to entry.o(.ARM.Collect$$$$00000000) for __main
    main.o(.text.main) refers to stm32h7xx_hal_cortex.o(.text.HAL_MPU_Disable) for HAL_MPU_Disable
    main.o(.text.main) refers to stm32h7xx_hal_cortex.o(.text.HAL_MPU_ConfigRegion) for HAL_MPU_ConfigRegion
    main.o(.text.main) refers to stm32h7xx_hal_cortex.o(.text.HAL_MPU_Enable) for HAL_MPU_Enable
    main.o(.text.main) refers to stm32h7xx_hal.o(.text.HAL_Init) for HAL_Init
    main.o(.text.main) refers to main.o(.text.SystemClock_Config) for SystemClock_Config
    main.o(.text.main) refers to gpio.o(.text.MX_GPIO_Init) for MX_GPIO_Init
    main.o(.text.main) refers to eventrecorder.o(.text.EventRecorderInitialize) for EventRecorderInitialize
    main.o(.text.main) refers to eventrecorder.o(.text.EventRecorderDisable) for EventRecorderDisable
    main.o(.text.main) refers to eventrecorder.o(.text.EventRecorderStart) for EventRecorderStart
    main.o(.text.main) refers to main.o(.rodata.str1.1) for .Lstr.1
    main.o(.text.main) refers to puts.o(i.puts) for puts
    main.o(.text.main) refers to stm32h7xx_hal.o(.text.HAL_Delay) for HAL_Delay
    main.o(.ARM.exidx.text.main) refers to main.o(.text.main) for [Anonymous Symbol]
    main.o(.text.SystemClock_Config) refers to memseta.o(.text) for __aeabi_memclr4
    main.o(.text.SystemClock_Config) refers to stm32h7xx_hal_pwr_ex.o(.text.HAL_PWREx_ConfigSupply) for HAL_PWREx_ConfigSupply
    main.o(.text.SystemClock_Config) refers to stm32h7xx_hal_rcc.o(.text.HAL_RCC_OscConfig) for HAL_RCC_OscConfig
    main.o(.text.SystemClock_Config) refers to stm32h7xx_hal_rcc.o(.text.HAL_RCC_ClockConfig) for HAL_RCC_ClockConfig
    main.o(.ARM.exidx.text.SystemClock_Config) refers to main.o(.text.SystemClock_Config) for [Anonymous Symbol]
    main.o(.ARM.exidx.text.Error_Handler) refers to main.o(.text.Error_Handler) for [Anonymous Symbol]
    gpio.o(.text.MX_GPIO_Init) refers to stm32h7xx_hal_gpio.o(.text.HAL_GPIO_WritePin) for HAL_GPIO_WritePin
    gpio.o(.text.MX_GPIO_Init) refers to stm32h7xx_hal_gpio.o(.text.HAL_GPIO_Init) for HAL_GPIO_Init
    gpio.o(.ARM.exidx.text.MX_GPIO_Init) refers to gpio.o(.text.MX_GPIO_Init) for [Anonymous Symbol]
    stm32h7xx_it.o(.ARM.exidx.text.NMI_Handler) refers to stm32h7xx_it.o(.text.NMI_Handler) for [Anonymous Symbol]
    stm32h7xx_it.o(.ARM.exidx.text.HardFault_Handler) refers to stm32h7xx_it.o(.text.HardFault_Handler) for [Anonymous Symbol]
    stm32h7xx_it.o(.ARM.exidx.text.MemManage_Handler) refers to stm32h7xx_it.o(.text.MemManage_Handler) for [Anonymous Symbol]
    stm32h7xx_it.o(.ARM.exidx.text.BusFault_Handler) refers to stm32h7xx_it.o(.text.BusFault_Handler) for [Anonymous Symbol]
    stm32h7xx_it.o(.ARM.exidx.text.UsageFault_Handler) refers to stm32h7xx_it.o(.text.UsageFault_Handler) for [Anonymous Symbol]
    stm32h7xx_it.o(.ARM.exidx.text.SVC_Handler) refers to stm32h7xx_it.o(.text.SVC_Handler) for [Anonymous Symbol]
    stm32h7xx_it.o(.ARM.exidx.text.DebugMon_Handler) refers to stm32h7xx_it.o(.text.DebugMon_Handler) for [Anonymous Symbol]
    stm32h7xx_it.o(.ARM.exidx.text.PendSV_Handler) refers to stm32h7xx_it.o(.text.PendSV_Handler) for [Anonymous Symbol]
    stm32h7xx_it.o(.text.SysTick_Handler) refers to stm32h7xx_hal.o(.text.HAL_IncTick) for HAL_IncTick
    stm32h7xx_it.o(.ARM.exidx.text.SysTick_Handler) refers to stm32h7xx_it.o(.text.SysTick_Handler) for [Anonymous Symbol]
    stm32h7xx_hal_msp.o(.ARM.exidx.text.HAL_MspInit) refers to stm32h7xx_hal_msp.o(.text.HAL_MspInit) for [Anonymous Symbol]
[...]
    Removing stm32h7xx_hal_hsem.o(.text.HAL_HSEM_ActivateNotification), (16 bytes).
    Removing stm32h7xx_hal_hsem.o(.ARM.exidx.text.HAL_HSEM_ActivateNotification), (8 bytes).
    Removing stm32h7xx_hal_hsem.o(.text.HAL_HSEM_DeactivateNotification), (18 bytes).
    Removing stm32h7xx_hal_hsem.o(.ARM.exidx.text.HAL_HSEM_DeactivateNotification), (8 bytes).
    Removing stm32h7xx_hal_hsem.o(.text.HAL_HSEM_IRQHandler), (22 bytes).
    Removing stm32h7xx_hal_hsem.o(.ARM.exidx.text.HAL_HSEM_IRQHandler), (8 bytes).
    Removing stm32h7xx_hal_hsem.o(.text.HAL_HSEM_FreeCallback), (2 bytes).
    Removing stm32h7xx_hal_hsem.o(.ARM.exidx.text.HAL_HSEM_FreeCallback), (8 bytes).
    Removing stm32h7xx_hal_dma.o(.text), (0 bytes).
    Removing stm32h7xx_hal_dma.o(.text.HAL_DMA_Init), (1674 bytes).
    Removing stm32h7xx_hal_dma.o(.ARM.exidx.text.HAL_DMA_Init), (8 bytes).
    Removing stm32h7xx_hal_dma.o(.text.DMA_CalcBaseAndBitshift), (300 bytes).
    Removing stm32h7xx_hal_dma.o(.ARM.exidx.text.DMA_CalcBaseAndBitshift), (8 bytes).
    Removing stm32h7xx_hal_dma.o(.text.HAL_DMA_DeInit), (918 bytes).
    Removing stm32h7xx_hal_dma.o(.ARM.exidx.text.HAL_DMA_DeInit), (8 bytes).
    Removing stm32h7xx_hal_dma.o(.text.HAL_DMA_Start), (318 bytes).
    Removing stm32h7xx_hal_dma.o(.ARM.exidx.text.HAL_DMA_Start), (8 bytes).
    Removing stm32h7xx_hal_dma.o(.text.DMA_SetConfig), (774 bytes).
    Removing stm32h7xx_hal_dma.o(.ARM.exidx.text.DMA_SetConfig), (8 bytes).
    Removing stm32h7xx_hal_dma.o(.text.HAL_DMA_Start_IT), (930 bytes).
    Removing stm32h7xx_hal_dma.o(.ARM.exidx.text.HAL_DMA_Start_IT), (8 bytes).
    Removing stm32h7xx_hal_dma.o(.text.HAL_DMA_Abort), (1326 bytes).
    Removing stm32h7xx_hal_dma.o(.ARM.exidx.text.HAL_DMA_Abort), (8 bytes).
    Removing stm32h7xx_hal_dma.o(.text.HAL_DMA_Abort_IT), (698 bytes).
    Removing stm32h7xx_hal_dma.o(.ARM.exidx.text.HAL_DMA_Abort_IT), (8 bytes).
    Removing stm32h7xx_hal_dma.o(.text.HAL_DMA_PollForTransfer), (1714 bytes).
    Removing stm32h7xx_hal_dma.o(.ARM.exidx.text.HAL_DMA_PollForTransfer), (8 bytes).
    Removing stm32h7xx_hal_dma.o(.text.HAL_DMA_IRQHandler), (2096 bytes).
    Removing stm32h7xx_hal_dma.o(.ARM.exidx.text.HAL_DMA_IRQHandler), (8 bytes).
    Removing stm32h7xx_hal_dma.o(.text.HAL_DMA_RegisterCallback), (114 bytes).
    Removing stm32h7xx_hal_dma.o(.ARM.exidx.text.HAL_DMA_RegisterCallback), (8 bytes).
    Removing stm32h7xx_hal_dma.o(.text.HAL_DMA_UnRegisterCallback), (164 bytes).
    Removing stm32h7xx_hal_dma.o(.ARM.exidx.text.HAL_DMA_UnRegisterCallback), (8 bytes).
    Removing stm32h7xx_hal_dma.o(.text.HAL_DMA_GetState), (6 bytes).
    Removing stm32h7xx_hal_dma.o(.ARM.exidx.text.HAL_DMA_GetState), (8 bytes).
    Removing stm32h7xx_hal_dma.o(.text.HAL_DMA_GetError), (4 bytes).
    Removing stm32h7xx_hal_dma.o(.ARM.exidx.text.HAL_DMA_GetError), (8 bytes).
    Removing stm32h7xx_hal_dma_ex.o(.text), (0 bytes).
    Removing stm32h7xx_hal_dma_ex.o(.text.HAL_DMAEx_MultiBufferStart), (948 bytes).
    Removing stm32h7xx_hal_dma_ex.o(.ARM.exidx.text.HAL_DMAEx_MultiBufferStart), (8 bytes).
    Removing stm32h7xx_hal_dma_ex.o(.text.DMA_MultiBufferSetConfig), (292 bytes).
    Removing stm32h7xx_hal_dma_ex.o(.ARM.exidx.text.DMA_MultiBufferSetConfig), (8 bytes).
    Removing stm32h7xx_hal_dma_ex.o(.text.HAL_DMAEx_MultiBufferStart_IT), (1588 bytes).
    Removing stm32h7xx_hal_dma_ex.o(.ARM.exidx.text.HAL_DMAEx_MultiBufferStart_IT), (8 bytes).
    Removing stm32h7xx_hal_dma_ex.o(.text.HAL_DMAEx_ChangeMemory), (16 bytes).
    Removing stm32h7xx_hal_dma_ex.o(.ARM.exidx.text.HAL_DMAEx_ChangeMemory), (8 bytes).
    Removing stm32h7xx_hal_dma_ex.o(.text.HAL_DMAEx_ConfigMuxSync), (120 bytes).
    Removing stm32h7xx_hal_dma_ex.o(.ARM.exidx.text.HAL_DMAEx_ConfigMuxSync), (8 bytes).
    Removing stm32h7xx_hal_dma_ex.o(.text.HAL_DMAEx_ConfigMuxRequestGenerator), (90 bytes).
    Removing stm32h7xx_hal_dma_ex.o(.ARM.exidx.text.HAL_DMAEx_ConfigMuxRequestGenerator), (8 bytes).
    Removing stm32h7xx_hal_dma_ex.o(.text.HAL_DMAEx_EnableMuxRequestGenerator), (28 bytes).
    Removing stm32h7xx_hal_dma_ex.o(.ARM.exidx.text.HAL_DMAEx_EnableMuxRequestGenerator), (8 bytes).
    Removing stm32h7xx_hal_dma_ex.o(.text.HAL_DMAEx_DisableMuxRequestGenerator), (28 bytes).
    Removing stm32h7xx_hal_dma_ex.o(.ARM.exidx.text.HAL_DMAEx_DisableMuxRequestGenerator), (8 bytes).
    Removing stm32h7xx_hal_dma_ex.o(.text.HAL_DMAEx_MUX_IRQHandler), (98 bytes).
    Removing stm32h7xx_hal_dma_ex.o(.ARM.exidx.text.HAL_DMAEx_MUX_IRQHandler), (8 bytes).
    Removing stm32h7xx_hal_mdma.o(.text), (0 bytes).
    Removing stm32h7xx_hal_mdma.o(.text.HAL_MDMA_Init), (252 bytes).
    Removing stm32h7xx_hal_mdma.o(.ARM.exidx.text.HAL_MDMA_Init), (8 bytes).
    Removing stm32h7xx_hal_mdma.o(.text.HAL_MDMA_DeInit), (64 bytes).
    Removing stm32h7xx_hal_mdma.o(.ARM.exidx.text.HAL_MDMA_DeInit), (8 bytes).
    Removing stm32h7xx_hal_mdma.o(.text.HAL_MDMA_ConfigPostRequestMask), (96 bytes).
    Removing stm32h7xx_hal_mdma.o(.ARM.exidx.text.HAL_MDMA_ConfigPostRequestMask), (8 bytes).
    Removing stm32h7xx_hal_mdma.o(.text.HAL_MDMA_RegisterCallback), (114 bytes).
    Removing stm32h7xx_hal_mdma.o(.ARM.exidx.text.HAL_MDMA_RegisterCallback), (8 bytes).
    Removing stm32h7xx_hal_mdma.o(.text.HAL_MDMA_UnRegisterCallback), (164 bytes).
    Removing stm32h7xx_hal_mdma.o(.ARM.exidx.text.HAL_MDMA_UnRegisterCallback), (8 bytes).
    Removing stm32h7xx_hal_mdma.o(.text.HAL_MDMA_LinkedList_CreateNode), (252 bytes).
    Removing stm32h7xx_hal_mdma.o(.ARM.exidx.text.HAL_MDMA_LinkedList_CreateNode), (8 bytes).
    Removing stm32h7xx_hal_mdma.o(.text.HAL_MDMA_LinkedList_AddNode), (398 bytes).
    Removing stm32h7xx_hal_mdma.o(.ARM.exidx.text.HAL_MDMA_LinkedList_AddNode), (8 bytes).
    Removing stm32h7xx_hal_mdma.o(.text.HAL_MDMA_LinkedList_RemoveNode), (290 bytes).
    Removing stm32h7xx_hal_mdma.o(.ARM.exidx.text.HAL_MDMA_LinkedList_RemoveNode), (8 bytes).
    Removing stm32h7xx_hal_mdma.o(.text.HAL_MDMA_LinkedList_EnableCircularMode), (84 bytes).
    Removing stm32h7xx_hal_mdma.o(.ARM.exidx.text.HAL_MDMA_LinkedList_EnableCircularMode), (8 bytes).
    Removing stm32h7xx_hal_mdma.o(.text.HAL_MDMA_LinkedList_DisableCircularMode), (84 bytes).
    Removing stm32h7xx_hal_mdma.o(.ARM.exidx.text.HAL_MDMA_LinkedList_DisableCircularMode), (8 bytes).
    Removing stm32h7xx_hal_mdma.o(.text.HAL_MDMA_Start), (230 bytes).
    Removing stm32h7xx_hal_mdma.o(.ARM.exidx.text.HAL_MDMA_Start), (8 bytes).
    Removing stm32h7xx_hal_mdma.o(.text.HAL_MDMA_Start_IT), (300 bytes).
    Removing stm32h7xx_hal_mdma.o(.ARM.exidx.text.HAL_MDMA_Start_IT), (8 bytes).
    Removing stm32h7xx_hal_mdma.o(.text.HAL_MDMA_Abort), (120 bytes).
    Removing stm32h7xx_hal_mdma.o(.ARM.exidx.text.HAL_MDMA_Abort), (8 bytes).
    Removing stm32h7xx_hal_mdma.o(.text.HAL_MDMA_Abort_IT), (44 bytes).
    Removing stm32h7xx_hal_mdma.o(.ARM.exidx.text.HAL_MDMA_Abort_IT), (8 bytes).
    Removing stm32h7xx_hal_mdma.o(.text.HAL_MDMA_PollForTransfer), (546 bytes).
    Removing stm32h7xx_hal_mdma.o(.ARM.exidx.text.HAL_MDMA_PollForTransfer), (8 bytes).
    Removing stm32h7xx_hal_mdma.o(.text.HAL_MDMA_GenerateSWRequest), (54 bytes).
    Removing stm32h7xx_hal_mdma.o(.ARM.exidx.text.HAL_MDMA_GenerateSWRequest), (8 bytes).
    Removing stm32h7xx_hal_mdma.o(.text.HAL_MDMA_IRQHandler), (486 bytes).
    Removing stm32h7xx_hal_mdma.o(.ARM.exidx.text.HAL_MDMA_IRQHandler), (8 bytes).
    Removing stm32h7xx_hal_mdma.o(.text.HAL_MDMA_GetState), (6 bytes).
    Removing stm32h7xx_hal_mdma.o(.ARM.exidx.text.HAL_MDMA_GetState), (8 bytes).
    Removing stm32h7xx_hal_mdma.o(.text.HAL_MDMA_GetError), (4 bytes).
    Removing stm32h7xx_hal_mdma.o(.ARM.exidx.text.HAL_MDMA_GetError), (8 bytes).
    Removing stm32h7xx_hal_pwr.o(.text), (0 bytes).
    Removing stm32h7xx_hal_pwr.o(.text.HAL_PWR_DeInit), (2 bytes).
    Removing stm32h7xx_hal_pwr.o(.ARM.exidx.text.HAL_PWR_DeInit), (8 bytes).
    Removing stm32h7xx_hal_pwr.o(.text.HAL_PWR_EnableBkUpAccess), (18 bytes).
    Removing stm32h7xx_hal_pwr.o(.ARM.exidx.text.HAL_PWR_EnableBkUpAccess), (8 bytes).
    Removing stm32h7xx_hal_pwr.o(.text.HAL_PWR_DisableBkUpAccess), (18 bytes).
    Removing stm32h7xx_hal_pwr.o(.ARM.exidx.text.HAL_PWR_DisableBkUpAccess), (8 bytes).
    Removing stm32h7xx_hal_pwr.o(.text.HAL_PWR_ConfigPVD), (146 bytes).
    Removing stm32h7xx_hal_pwr.o(.ARM.exidx.text.HAL_PWR_ConfigPVD), (8 bytes).
    Removing stm32h7xx_hal_pwr.o(.text.HAL_PWR_EnablePVD), (18 bytes).
    Removing stm32h7xx_hal_pwr.o(.ARM.exidx.text.HAL_PWR_EnablePVD), (8 bytes).
    Removing stm32h7xx_hal_pwr.o(.text.HAL_PWR_DisablePVD), (18 bytes).
    Removing stm32h7xx_hal_pwr.o(.ARM.exidx.text.HAL_PWR_DisablePVD), (8 bytes).
    Removing stm32h7xx_hal_pwr.o(.text.HAL_PWR_EnableWakeUpPin), (26 bytes).
    Removing stm32h7xx_hal_pwr.o(.ARM.exidx.text.HAL_PWR_EnableWakeUpPin), (8 bytes).
    Removing stm32h7xx_hal_pwr.o(.text.HAL_PWR_DisableWakeUpPin), (24 bytes).
    Removing stm32h7xx_hal_pwr.o(.ARM.exidx.text.HAL_PWR_DisableWakeUpPin), (8 bytes).
    Removing stm32h7xx_hal_pwr.o(.text.HAL_PWR_EnterSLEEPMode), (28 bytes).
    Removing stm32h7xx_hal_pwr.o(.ARM.exidx.text.HAL_PWR_EnterSLEEPMode), (8 bytes).
    Removing stm32h7xx_hal_pwr.o(.text.HAL_PWR_EnterSTOPMode), (92 bytes).
    Removing stm32h7xx_hal_pwr.o(.ARM.exidx.text.HAL_PWR_EnterSTOPMode), (8 bytes).
    Removing stm32h7xx_hal_pwr.o(.text.HAL_PWR_EnterSTANDBYMode), (52 bytes).
    Removing stm32h7xx_hal_pwr.o(.ARM.exidx.text.HAL_PWR_EnterSTANDBYMode), (8 bytes).
    Removing stm32h7xx_hal_pwr.o(.text.HAL_PWR_EnableSleepOnExit), (18 bytes).
    Removing stm32h7xx_hal_pwr.o(.ARM.exidx.text.HAL_PWR_EnableSleepOnExit), (8 bytes).
    Removing stm32h7xx_hal_pwr.o(.text.HAL_PWR_DisableSleepOnExit), (18 bytes).
    Removing stm32h7xx_hal_pwr.o(.ARM.exidx.text.HAL_PWR_DisableSleepOnExit), (8 bytes).
    Removing stm32h7xx_hal_pwr.o(.text.HAL_PWR_EnableSEVOnPend), (18 bytes).
    Removing stm32h7xx_hal_pwr.o(.ARM.exidx.text.HAL_PWR_EnableSEVOnPend), (8 bytes).
    Removing stm32h7xx_hal_pwr.o(.text.HAL_PWR_DisableSEVOnPend), (18 bytes).
    Removing stm32h7xx_hal_pwr.o(.ARM.exidx.text.HAL_PWR_DisableSEVOnPend), (8 bytes).
    Removing stm32h7xx_hal_pwr.o(.text.HAL_PWR_PVD_IRQHandler), (26 bytes).
    Removing stm32h7xx_hal_pwr.o(.ARM.exidx.text.HAL_PWR_PVD_IRQHandler), (8 bytes).
    Removing stm32h7xx_hal_pwr.o(.text.HAL_PWR_PVDCallback), (2 bytes).
    Removing stm32h7xx_hal_pwr.o(.ARM.exidx.text.HAL_PWR_PVDCallback), (8 bytes).
    Removing stm32h7xx_hal_pwr_ex.o(.text), (0 bytes).
    Removing stm32h7xx_hal_pwr_ex.o(.ARM.exidx.text.HAL_PWREx_ConfigSupply), (8 bytes).
    Removing stm32h7xx_hal_pwr_ex.o(.text.HAL_PWREx_GetSupplyConfig), (16 bytes).
    Removing stm32h7xx_hal_pwr_ex.o(.ARM.exidx.text.HAL_PWREx_GetSupplyConfig), (8 bytes).
    Removing stm32h7xx_hal_pwr_ex.o(.text.HAL_PWREx_ControlVoltageScaling), (206 bytes).
    Removing stm32h7xx_hal_pwr_ex.o(.ARM.exidx.text.HAL_PWREx_ControlVoltageScaling), (8 bytes).
    Removing stm32h7xx_hal_pwr_ex.o(.text.HAL_PWREx_GetVoltageRange), (16 bytes).
    Removing stm32h7xx_hal_pwr_ex.o(.ARM.exidx.text.HAL_PWREx_GetVoltageRange), (8 bytes).
    Removing stm32h7xx_hal_pwr_ex.o(.text.HAL_PWREx_ControlStopModeVoltageScaling), (24 bytes).
    Removing stm32h7xx_hal_pwr_ex.o(.ARM.exidx.text.HAL_PWREx_ControlStopModeVoltageScaling), (8 bytes).
    Removing stm32h7xx_hal_pwr_ex.o(.text.HAL_PWREx_GetStopModeVoltageRange), (16 bytes).
    Removing stm32h7xx_hal_pwr_ex.o(.ARM.exidx.text.HAL_PWREx_GetStopModeVoltageRange), (8 bytes).
    Removing stm32h7xx_hal_pwr_ex.o(.text.HAL_PWREx_EnterSTOPMode), (128 bytes).
    Removing stm32h7xx_hal_pwr_ex.o(.ARM.exidx.text.HAL_PWREx_EnterSTOPMode), (8 bytes).
    Removing stm32h7xx_hal_pwr_ex.o(.text.HAL_PWREx_ClearPendingEvent), (4 bytes).
    Removing stm32h7xx_hal_pwr_ex.o(.ARM.exidx.text.HAL_PWREx_ClearPendingEvent), (8 bytes).
    Removing stm32h7xx_hal_pwr_ex.o(.text.HAL_PWREx_EnterSTANDBYMode), (82 bytes).
    Removing stm32h7xx_hal_pwr_ex.o(.ARM.exidx.text.HAL_PWREx_EnterSTANDBYMode), (8 bytes).
    Removing stm32h7xx_hal_pwr_ex.o(.text.HAL_PWREx_ConfigD3Domain), (20 bytes).
    Removing stm32h7xx_hal_pwr_ex.o(.ARM.exidx.text.HAL_PWREx_ConfigD3Domain), (8 bytes).
    Removing stm32h7xx_hal_pwr_ex.o(.text.HAL_PWREx_EnableFlashPowerDown), (18 bytes).
    Removing stm32h7xx_hal_pwr_ex.o(.ARM.exidx.text.HAL_PWREx_EnableFlashPowerDown), (8 bytes).
    Removing stm32h7xx_hal_pwr_ex.o(.text.HAL_PWREx_DisableFlashPowerDown), (18 bytes).
    Removing stm32h7xx_hal_pwr_ex.o(.ARM.exidx.text.HAL_PWREx_DisableFlashPowerDown), (8 bytes).
    Removing stm32h7xx_hal_pwr_ex.o(.text.HAL_PWREx_EnableWakeUpPin), (116 bytes).
    Removing stm32h7xx_hal_pwr_ex.o(.ARM.exidx.text.HAL_PWREx_EnableWakeUpPin), (8 bytes).
    Removing stm32h7xx_hal_pwr_ex.o(.text.HAL_PWREx_DisableWakeUpPin), (18 bytes).
    Removing stm32h7xx_hal_pwr_ex.o(.ARM.exidx.text.HAL_PWREx_DisableWakeUpPin), (8 bytes).
    Removing stm32h7xx_hal_pwr_ex.o(.text.HAL_PWREx_GetWakeupFlag), (14 bytes).
    Removing stm32h7xx_hal_pwr_ex.o(.ARM.exidx.text.HAL_PWREx_GetWakeupFlag), (8 bytes).
    Removing stm32h7xx_hal_pwr_ex.o(.text.HAL_PWREx_ClearWakeupFlag), (24 bytes).
    Removing stm32h7xx_hal_pwr_ex.o(.ARM.exidx.text.HAL_PWREx_ClearWakeupFlag), (8 bytes).
    Removing stm32h7xx_hal_pwr_ex.o(.text.HAL_PWREx_WAKEUP_PIN_IRQHandler), (110 bytes).
    Removing stm32h7xx_hal_pwr_ex.o(.ARM.exidx.text.HAL_PWREx_WAKEUP_PIN_IRQHandler), (8 bytes).
    Removing stm32h7xx_hal_pwr_ex.o(.text.HAL_PWREx_WKUP1_Callback), (2 bytes).
    Removing stm32h7xx_hal_pwr_ex.o(.ARM.exidx.text.HAL_PWREx_WKUP1_Callback), (8 bytes).
    Removing stm32h7xx_hal_pwr_ex.o(.text.HAL_PWREx_WKUP2_Callback), (2 bytes).
    Removing stm32h7xx_hal_pwr_ex.o(.ARM.exidx.text.HAL_PWREx_WKUP2_Callback), (8 bytes).
    Removing stm32h7xx_hal_pwr_ex.o(.text.HAL_PWREx_WKUP3_Callback), (2 bytes).
    Removing stm32h7xx_hal_pwr_ex.o(.ARM.exidx.text.HAL_PWREx_WKUP3_Callback), (8 bytes).
    Removing stm32h7xx_hal_pwr_ex.o(.text.HAL_PWREx_WKUP4_Callback), (2 bytes).
    Removing stm32h7xx_hal_pwr_ex.o(.ARM.exidx.text.HAL_PWREx_WKUP4_Callback), (8 bytes).
    Removing stm32h7xx_hal_pwr_ex.o(.text.HAL_PWREx_WKUP5_Callback), (2 bytes).
    Removing stm32h7xx_hal_pwr_ex.o(.ARM.exidx.text.HAL_PWREx_WKUP5_Callback), (8 bytes).
    Removing stm32h7xx_hal_pwr_ex.o(.text.HAL_PWREx_WKUP6_Callback), (2 bytes).
    Removing stm32h7xx_hal_pwr_ex.o(.ARM.exidx.text.HAL_PWREx_WKUP6_Callback), (8 bytes).
    Removing stm32h7xx_hal_pwr_ex.o(.text.HAL_PWREx_EnableBkUpReg), (52 bytes).
    Removing stm32h7xx_hal_pwr_ex.o(.ARM.exidx.text.HAL_PWREx_EnableBkUpReg), (8 bytes).
    Removing stm32h7xx_hal_pwr_ex.o(.text.HAL_PWREx_DisableBkUpReg), (52 bytes).
    Removing stm32h7xx_hal_pwr_ex.o(.ARM.exidx.text.HAL_PWREx_DisableBkUpReg), (8 bytes).
    Removing stm32h7xx_hal_pwr_ex.o(.text.HAL_PWREx_EnableUSBReg), (52 bytes).
    Removing stm32h7xx_hal_pwr_ex.o(.ARM.exidx.text.HAL_PWREx_EnableUSBReg), (8 bytes).
    Removing stm32h7xx_hal_pwr_ex.o(.text.HAL_PWREx_DisableUSBReg), (52 bytes).
    Removing stm32h7xx_hal_pwr_ex.o(.ARM.exidx.text.HAL_PWREx_DisableUSBReg), (8 bytes).
    Removing stm32h7xx_hal_pwr_ex.o(.text.HAL_PWREx_EnableUSBVoltageDetector), (18 bytes).
    Removing stm32h7xx_hal_pwr_ex.o(.ARM.exidx.text.HAL_PWREx_EnableUSBVoltageDetector), (8 bytes).
    Removing stm32h7xx_hal_pwr_ex.o(.text.HAL_PWREx_DisableUSBVoltageDetector), (18 bytes).
    Removing stm32h7xx_hal_pwr_ex.o(.ARM.exidx.text.HAL_PWREx_DisableUSBVoltageDetector), (8 bytes).
    Removing stm32h7xx_hal_pwr_ex.o(.text.HAL_PWREx_EnableBatteryCharging), (28 bytes).
    Removing stm32h7xx_hal_pwr_ex.o(.ARM.exidx.text.HAL_PWREx_EnableBatteryCharging), (8 bytes).
    Removing stm32h7xx_hal_pwr_ex.o(.text.HAL_PWREx_DisableBatteryCharging), (18 bytes).
    Removing stm32h7xx_hal_pwr_ex.o(.ARM.exidx.text.HAL_PWREx_DisableBatteryCharging), (8 bytes).
    Removing stm32h7xx_hal_pwr_ex.o(.text.HAL_PWREx_EnableMonitoring), (18 bytes).
    Removing stm32h7xx_hal_pwr_ex.o(.ARM.exidx.text.HAL_PWREx_EnableMonitoring), (8 bytes).
    Removing stm32h7xx_hal_pwr_ex.o(.text.HAL_PWREx_DisableMonitoring), (18 bytes).
    Removing stm32h7xx_hal_pwr_ex.o(.ARM.exidx.text.HAL_PWREx_DisableMonitoring), (8 bytes).
    Removing stm32h7xx_hal_pwr_ex.o(.text.HAL_PWREx_GetTemperatureLevel), (36 bytes).
    Removing stm32h7xx_hal_pwr_ex.o(.ARM.exidx.text.HAL_PWREx_GetTemperatureLevel), (8 bytes).
    Removing stm32h7xx_hal_pwr_ex.o(.text.HAL_PWREx_GetVBATLevel), (36 bytes).
    Removing stm32h7xx_hal_pwr_ex.o(.ARM.exidx.text.HAL_PWREx_GetVBATLevel), (8 bytes).
    Removing stm32h7xx_hal_pwr_ex.o(.text.HAL_PWREx_ConfigAVD), (142 bytes).
    Removing stm32h7xx_hal_pwr_ex.o(.ARM.exidx.text.HAL_PWREx_ConfigAVD), (8 bytes).
    Removing stm32h7xx_hal_pwr_ex.o(.text.HAL_PWREx_EnableAVD), (18 bytes).
    Removing stm32h7xx_hal_pwr_ex.o(.ARM.exidx.text.HAL_PWREx_EnableAVD), (8 bytes).
    Removing stm32h7xx_hal_pwr_ex.o(.text.HAL_PWREx_DisableAVD), (18 bytes).
    Removing stm32h7xx_hal_pwr_ex.o(.ARM.exidx.text.HAL_PWREx_DisableAVD), (8 bytes).
    Removing stm32h7xx_hal_pwr_ex.o(.text.HAL_PWREx_PVD_AVD_IRQHandler), (78 bytes).
    Removing stm32h7xx_hal_pwr_ex.o(.ARM.exidx.text.HAL_PWREx_PVD_AVD_IRQHandler), (8 bytes).
    Removing stm32h7xx_hal_pwr_ex.o(.text.HAL_PWREx_AVDCallback), (2 bytes).
    Removing stm32h7xx_hal_pwr_ex.o(.ARM.exidx.text.HAL_PWREx_AVDCallback), (8 bytes).
    Removing stm32h7xx_hal.o(.text), (0 bytes).
    Removing stm32h7xx_hal.o(.ARM.exidx.text.HAL_Init), (8 bytes).
    Removing stm32h7xx_hal.o(.ARM.exidx.text.HAL_InitTick), (8 bytes).
    Removing stm32h7xx_hal.o(.text.HAL_MspInit), (2 bytes).
    Removing stm32h7xx_hal.o(.ARM.exidx.text.HAL_MspInit), (8 bytes).
    Removing stm32h7xx_hal.o(.text.HAL_DeInit), (114 bytes).
    Removing stm32h7xx_hal.o(.ARM.exidx.text.HAL_DeInit), (8 bytes).
    Removing stm32h7xx_hal.o(.text.HAL_MspDeInit), (2 bytes).
    Removing stm32h7xx_hal.o(.ARM.exidx.text.HAL_MspDeInit), (8 bytes).
    Removing stm32h7xx_hal.o(.ARM.exidx.text.HAL_IncTick), (8 bytes).
    Removing stm32h7xx_hal.o(.ARM.exidx.text.HAL_GetTick), (8 bytes).
    Removing stm32h7xx_hal.o(.text.HAL_GetTickPrio), (12 bytes).
    Removing stm32h7xx_hal.o(.ARM.exidx.text.HAL_GetTickPrio), (8 bytes).
    Removing stm32h7xx_hal.o(.text.HAL_SetTickFreq), (36 bytes).
    Removing stm32h7xx_hal.o(.ARM.exidx.text.HAL_SetTickFreq), (8 bytes).
    Removing stm32h7xx_hal.o(.text.HAL_GetTickFreq), (12 bytes).
    Removing stm32h7xx_hal.o(.ARM.exidx.text.HAL_GetTickFreq), (8 bytes).
    Removing stm32h7xx_hal.o(.ARM.exidx.text.HAL_Delay), (8 bytes).
    Removing stm32h7xx_hal.o(.text.HAL_SuspendTick), (18 bytes).
    Removing stm32h7xx_hal.o(.ARM.exidx.text.HAL_SuspendTick), (8 bytes).
    Removing stm32h7xx_hal.o(.text.HAL_ResumeTick), (18 bytes).
    Removing stm32h7xx_hal.o(.ARM.exidx.text.HAL_ResumeTick), (8 bytes).
    Removing stm32h7xx_hal.o(.text.HAL_GetHalVersion), (8 bytes).
    Removing stm32h7xx_hal.o(.ARM.exidx.text.HAL_GetHalVersion), (8 bytes).
    Removing stm32h7xx_hal.o(.ARM.exidx.text.HAL_GetREVID), (8 bytes).
    Removing stm32h7xx_hal.o(.text.HAL_GetDEVID), (16 bytes).
    Removing stm32h7xx_hal.o(.ARM.exidx.text.HAL_GetDEVID), (8 bytes).
    Removing stm32h7xx_hal.o(.text.HAL_GetUIDw0), (12 bytes).
    Removing stm32h7xx_hal.o(.ARM.exidx.text.HAL_GetUIDw0), (8 bytes).
    Removing stm32h7xx_hal.o(.text.HAL_GetUIDw1), (12 bytes).
    Removing stm32h7xx_hal.o(.ARM.exidx.text.HAL_GetUIDw1), (8 bytes).
    Removing stm32h7xx_hal.o(.text.HAL_GetUIDw2), (12 bytes).
    Removing stm32h7xx_hal.o(.ARM.exidx.text.HAL_GetUIDw2), (8 bytes).
    Removing stm32h7xx_hal.o(.text.HAL_SYSCFG_VREFBUF_VoltageScalingConfig), (20 bytes).
    Removing stm32h7xx_hal.o(.ARM.exidx.text.HAL_SYSCFG_VREFBUF_VoltageScalingConfig), (8 bytes).
    Removing stm32h7xx_hal.o(.text.HAL_SYSCFG_VREFBUF_HighImpedanceConfig), (20 bytes).
    Removing stm32h7xx_hal.o(.ARM.exidx.text.HAL_SYSCFG_VREFBUF_HighImpedanceConfig), (8 bytes).
    Removing stm32h7xx_hal.o(.text.HAL_SYSCFG_VREFBUF_TrimmingConfig), (20 bytes).
    Removing stm32h7xx_hal.o(.ARM.exidx.text.HAL_SYSCFG_VREFBUF_TrimmingConfig), (8 bytes).
    Removing stm32h7xx_hal.o(.text.HAL_SYSCFG_EnableVREFBUF), (48 bytes).
    Removing stm32h7xx_hal.o(.ARM.exidx.text.HAL_SYSCFG_EnableVREFBUF), (8 bytes).
    Removing stm32h7xx_hal.o(.text.HAL_SYSCFG_DisableVREFBUF), (18 bytes).
    Removing stm32h7xx_hal.o(.ARM.exidx.text.HAL_SYSCFG_DisableVREFBUF), (8 bytes).
    Removing stm32h7xx_hal.o(.text.HAL_SYSCFG_ETHInterfaceSelect), (20 bytes).
    Removing stm32h7xx_hal.o(.ARM.exidx.text.HAL_SYSCFG_ETHInterfaceSelect), (8 bytes).
    Removing stm32h7xx_hal.o(.text.HAL_SYSCFG_AnalogSwitchConfig), (20 bytes).
    Removing stm32h7xx_hal.o(.ARM.exidx.text.HAL_SYSCFG_AnalogSwitchConfig), (8 bytes).
    Removing stm32h7xx_hal.o(.text.HAL_SYSCFG_EnableBOOST), (18 bytes).
    Removing stm32h7xx_hal.o(.ARM.exidx.text.HAL_SYSCFG_EnableBOOST), (8 bytes).
    Removing stm32h7xx_hal.o(.text.HAL_SYSCFG_DisableBOOST), (18 bytes).
    Removing stm32h7xx_hal.o(.ARM.exidx.text.HAL_SYSCFG_DisableBOOST), (8 bytes).
    Removing stm32h7xx_hal.o(.text.HAL_SYSCFG_CM7BootAddConfig), (34 bytes).
    Removing stm32h7xx_hal.o(.ARM.exidx.text.HAL_SYSCFG_CM7BootAddConfig), (8 bytes).
    Removing stm32h7xx_hal.o(.text.HAL_EnableCompensationCell), (18 bytes).
    Removing stm32h7xx_hal.o(.ARM.exidx.text.HAL_EnableCompensationCell), (8 bytes).
    Removing stm32h7xx_hal.o(.text.HAL_DisableCompensationCell), (18 bytes).
    Removing stm32h7xx_hal.o(.ARM.exidx.text.HAL_DisableCompensationCell), (8 bytes).
    Removing stm32h7xx_hal.o(.text.HAL_SYSCFG_EnableIOSpeedOptimize), (18 bytes).
    Removing stm32h7xx_hal.o(.ARM.exidx.text.HAL_SYSCFG_EnableIOSpeedOptimize), (8 bytes).
    Removing stm32h7xx_hal.o(.text.HAL_SYSCFG_DisableIOSpeedOptimize), (18 bytes).
    Removing stm32h7xx_hal.o(.ARM.exidx.text.HAL_SYSCFG_DisableIOSpeedOptimize), (8 bytes).
    Removing stm32h7xx_hal.o(.text.HAL_SYSCFG_CompensationCodeSelect), (20 bytes).
    Removing stm32h7xx_hal.o(.ARM.exidx.text.HAL_SYSCFG_CompensationCodeSelect), (8 bytes).
    Removing stm32h7xx_hal.o(.text.HAL_SYSCFG_CompensationCodeConfig), (24 bytes).
    Removing stm32h7xx_hal.o(.ARM.exidx.text.HAL_SYSCFG_CompensationCodeConfig), (8 bytes).
    Removing stm32h7xx_hal.o(.text.HAL_DBGMCU_EnableDBGSleepMode), (18 bytes).
    Removing stm32h7xx_hal.o(.ARM.exidx.text.HAL_DBGMCU_EnableDBGSleepMode), (8 bytes).
    Removing stm32h7xx_hal.o(.text.HAL_DBGMCU_DisableDBGSleepMode), (18 bytes).
    Removing stm32h7xx_hal.o(.ARM.exidx.text.HAL_DBGMCU_DisableDBGSleepMode), (8 bytes).
    Removing stm32h7xx_hal.o(.text.HAL_DBGMCU_EnableDBGStopMode), (18 bytes).
    Removing stm32h7xx_hal.o(.ARM.exidx.text.HAL_DBGMCU_EnableDBGStopMode), (8 bytes).
    Removing stm32h7xx_hal.o(.text.HAL_DBGMCU_DisableDBGStopMode), (18 bytes).
    Removing stm32h7xx_hal.o(.ARM.exidx.text.HAL_DBGMCU_DisableDBGStopMode), (8 bytes).
    Removing stm32h7xx_hal.o(.text.HAL_DBGMCU_EnableDBGStandbyMode), (18 bytes).
    Removing stm32h7xx_hal.o(.ARM.exidx.text.HAL_DBGMCU_EnableDBGStandbyMode), (8 bytes).
    Removing stm32h7xx_hal.o(.text.HAL_DBGMCU_DisableDBGStandbyMode), (18 bytes).
    Removing stm32h7xx_hal.o(.ARM.exidx.text.HAL_DBGMCU_DisableDBGStandbyMode), (8 bytes).
    Removing stm32h7xx_hal.o(.text.HAL_SetFMCMemorySwappingConfig), (20 bytes).
    Removing stm32h7xx_hal.o(.ARM.exidx.text.HAL_SetFMCMemorySwappingConfig), (8 bytes).
    Removing stm32h7xx_hal.o(.text.HAL_GetFMCMemorySwappingConfig), (16 bytes).
    Removing stm32h7xx_hal.o(.ARM.exidx.text.HAL_GetFMCMemorySwappingConfig), (8 bytes).
    Removing stm32h7xx_hal.o(.text.HAL_EXTI_EdgeConfig), (82 bytes).
    Removing stm32h7xx_hal.o(.ARM.exidx.text.HAL_EXTI_EdgeConfig), (8 bytes).
    Removing stm32h7xx_hal.o(.text.HAL_EXTI_GenerateSWInterrupt), (28 bytes).
    Removing stm32h7xx_hal.o(.ARM.exidx.text.HAL_EXTI_GenerateSWInterrupt), (8 bytes).
    Removing stm32h7xx_hal.o(.text.HAL_EXTI_D1_ClearFlag), (26 bytes).
    Removing stm32h7xx_hal.o(.ARM.exidx.text.HAL_EXTI_D1_ClearFlag), (8 bytes).
    Removing stm32h7xx_hal.o(.text.HAL_EXTI_D1_EventInputConfig), (148 bytes).
    Removing stm32h7xx_hal.o(.ARM.exidx.text.HAL_EXTI_D1_EventInputConfig), (8 bytes).
    Removing stm32h7xx_hal.o(.text.HAL_EXTI_D3_EventInputConfig), (100 bytes).
    Removing stm32h7xx_hal.o(.ARM.exidx.text.HAL_EXTI_D3_EventInputConfig), (8 bytes).
    Removing stm32h7xx_hal_i2c.o(.text), (0 bytes).
    Removing stm32h7xx_hal_i2c.o(.text.HAL_I2C_Init), (162 bytes).
    Removing stm32h7xx_hal_i2c.o(.ARM.exidx.text.HAL_I2C_Init), (8 bytes).
    Removing stm32h7xx_hal_i2c.o(.text.HAL_I2C_MspInit), (2 bytes).
    Removing stm32h7xx_hal_i2c.o(.ARM.exidx.text.HAL_I2C_MspInit), (8 bytes).
    Removing stm32h7xx_hal_i2c.o(.text.HAL_I2C_DeInit), (52 bytes).
    Removing stm32h7xx_hal_i2c.o(.ARM.exidx.text.HAL_I2C_DeInit), (8 bytes).
    Removing stm32h7xx_hal_i2c.o(.text.HAL_I2C_MspDeInit), (2 bytes).
    Removing stm32h7xx_hal_i2c.o(.ARM.exidx.text.HAL_I2C_MspDeInit), (8 bytes).
    Removing stm32h7xx_hal_i2c.o(.text.HAL_I2C_Master_Transmit), (516 bytes).
    Removing stm32h7xx_hal_i2c.o(.ARM.exidx.text.HAL_I2C_Master_Transmit), (8 bytes).
    Removing stm32h7xx_hal_i2c.o(.text.I2C_WaitOnFlagUntilTimeout), (180 bytes).
    Removing stm32h7xx_hal_i2c.o(.ARM.exidx.text.I2C_WaitOnFlagUntilTimeout), (8 bytes).
    Removing stm32h7xx_hal_i2c.o(.text.I2C_WaitOnTXISFlagUntilTimeout), (136 bytes).
    Removing stm32h7xx_hal_i2c.o(.ARM.exidx.text.I2C_WaitOnTXISFlagUntilTimeout), (8 bytes).
    Removing stm32h7xx_hal_i2c.o(.text.I2C_WaitOnSTOPFlagUntilTimeout), (104 bytes).
    Removing stm32h7xx_hal_i2c.o(.ARM.exidx.text.I2C_WaitOnSTOPFlagUntilTimeout), (8 bytes).
    Removing stm32h7xx_hal_i2c.o(.text.HAL_I2C_Master_Receive), (508 bytes).
    Removing stm32h7xx_hal_i2c.o(.ARM.exidx.text.HAL_I2C_Master_Receive), (8 bytes).
    Removing stm32h7xx_hal_i2c.o(.text.I2C_WaitOnRXNEFlagUntilTimeout), (188 bytes).
    Removing stm32h7xx_hal_i2c.o(.ARM.exidx.text.I2C_WaitOnRXNEFlagUntilTimeout), (8 bytes).
    Removing stm32h7xx_hal_i2c.o(.text.HAL_I2C_Slave_Transmit), (526 bytes).
    Removing stm32h7xx_hal_i2c.o(.ARM.exidx.text.HAL_I2C_Slave_Transmit), (8 bytes).
    Removing stm32h7xx_hal_i2c.o(.text.HAL_I2C_Slave_Receive), (472 bytes).
    Removing stm32h7xx_hal_i2c.o(.ARM.exidx.text.HAL_I2C_Slave_Receive), (8 bytes).
    Removing stm32h7xx_hal_i2c.o(.text.HAL_I2C_Master_Transmit_IT), (166 bytes).
    Removing stm32h7xx_hal_i2c.o(.ARM.exidx.text.HAL_I2C_Master_Transmit_IT), (8 bytes).
    Removing stm32h7xx_hal_i2c.o(.text.I2C_Master_ISR_IT), (360 bytes).
    Removing stm32h7xx_hal_i2c.o(.ARM.exidx.text.I2C_Master_ISR_IT), (8 bytes).
    Removing stm32h7xx_hal_i2c.o(.text.HAL_I2C_Master_Receive_IT), (166 bytes).
    Removing stm32h7xx_hal_i2c.o(.ARM.exidx.text.HAL_I2C_Master_Receive_IT), (8 bytes).
    Removing stm32h7xx_hal_i2c.o(.text.HAL_I2C_Slave_Transmit_IT), (114 bytes).
    Removing stm32h7xx_hal_i2c.o(.ARM.exidx.text.HAL_I2C_Slave_Transmit_IT), (8 bytes).
    Removing stm32h7xx_hal_i2c.o(.text.I2C_Slave_ISR_IT), (604 bytes).
    Removing stm32h7xx_hal_i2c.o(.ARM.exidx.text.I2C_Slave_ISR_IT), (8 bytes).
    Removing stm32h7xx_hal_i2c.o(.text.HAL_I2C_Slave_Receive_IT), (114 bytes).
    Removing stm32h7xx_hal_i2c.o(.ARM.exidx.text.HAL_I2C_Slave_Receive_IT), (8 bytes).
    Removing stm32h7xx_hal_i2c.o(.text.HAL_I2C_Master_Transmit_DMA), (368 bytes).
    Removing stm32h7xx_hal_i2c.o(.ARM.exidx.text.HAL_I2C_Master_Transmit_DMA), (8 bytes).
    Removing stm32h7xx_hal_i2c.o(.text.I2C_Master_ISR_DMA), (506 bytes).
    Removing stm32h7xx_hal_i2c.o(.ARM.exidx.text.I2C_Master_ISR_DMA), (8 bytes).
    Removing stm32h7xx_hal_i2c.o(.text.I2C_DMAMasterTransmitCplt), (146 bytes).
    Removing stm32h7xx_hal_i2c.o(.ARM.exidx.text.I2C_DMAMasterTransmitCplt), (8 bytes).
    Removing stm32h7xx_hal_i2c.o(.text.I2C_DMAError), (78 bytes).
    Removing stm32h7xx_hal_i2c.o(.ARM.exidx.text.I2C_DMAError), (8 bytes).
    Removing stm32h7xx_hal_i2c.o(.text.HAL_I2C_Master_Receive_DMA), (360 bytes).
    Removing stm32h7xx_hal_i2c.o(.ARM.exidx.text.HAL_I2C_Master_Receive_DMA), (8 bytes).
    Removing stm32h7xx_hal_i2c.o(.text.I2C_DMAMasterReceiveCplt), (146 bytes).
    Removing stm32h7xx_hal_i2c.o(.ARM.exidx.text.I2C_DMAMasterReceiveCplt), (8 bytes).
    Removing stm32h7xx_hal_i2c.o(.text.HAL_I2C_Slave_Transmit_DMA), (230 bytes).
    Removing stm32h7xx_hal_i2c.o(.ARM.exidx.text.HAL_I2C_Slave_Transmit_DMA), (8 bytes).
    Removing stm32h7xx_hal_i2c.o(.text.I2C_Slave_ISR_DMA), (394 bytes).
    Removing stm32h7xx_hal_i2c.o(.ARM.exidx.text.I2C_Slave_ISR_DMA), (8 bytes).
    Removing stm32h7xx_hal_i2c.o(.text.I2C_DMASlaveTransmitCplt), (170 bytes).
    Removing stm32h7xx_hal_i2c.o(.ARM.exidx.text.I2C_DMASlaveTransmitCplt), (8 bytes).
    Removing stm32h7xx_hal_i2c.o(.text.HAL_I2C_Slave_Receive_DMA), (226 bytes).
    Removing stm32h7xx_hal_i2c.o(.ARM.exidx.text.HAL_I2C_Slave_Receive_DMA), (8 bytes).
    Removing stm32h7xx_hal_i2c.o(.text.I2C_DMASlaveReceiveCplt), (178 bytes).
    Removing stm32h7xx_hal_i2c.o(.ARM.exidx.text.I2C_DMASlaveReceiveCplt), (8 bytes).
    Removing stm32h7xx_hal_i2c.o(.text.HAL_I2C_Mem_Write), (540 bytes).
    Removing stm32h7xx_hal_i2c.o(.ARM.exidx.text.HAL_I2C_Mem_Write), (8 bytes).
    Removing stm32h7xx_hal_i2c.o(.text.I2C_RequestMemoryWrite), (218 bytes).
    Removing stm32h7xx_hal_i2c.o(.ARM.exidx.text.I2C_RequestMemoryWrite), (8 bytes).
    Removing stm32h7xx_hal_i2c.o(.text.HAL_I2C_Mem_Read), (604 bytes).
    Removing stm32h7xx_hal_i2c.o(.ARM.exidx.text.HAL_I2C_Mem_Read), (8 bytes).
    Removing stm32h7xx_hal_i2c.o(.text.I2C_RequestMemoryRead), (214 bytes).
    Removing stm32h7xx_hal_i2c.o(.ARM.exidx.text.I2C_RequestMemoryRead), (8 bytes).
    Removing stm32h7xx_hal_i2c.o(.text.HAL_I2C_Mem_Write_IT), (276 bytes).
    Removing stm32h7xx_hal_i2c.o(.ARM.exidx.text.HAL_I2C_Mem_Write_IT), (8 bytes).
    Removing stm32h7xx_hal_i2c.o(.text.HAL_I2C_Mem_Read_IT), (280 bytes).
    Removing stm32h7xx_hal_i2c.o(.ARM.exidx.text.HAL_I2C_Mem_Read_IT), (8 bytes).
    Removing stm32h7xx_hal_i2c.o(.text.HAL_I2C_Mem_Write_DMA), (406 bytes).
    Removing stm32h7xx_hal_i2c.o(.ARM.exidx.text.HAL_I2C_Mem_Write_DMA), (8 bytes).
    Removing stm32h7xx_hal_i2c.o(.text.HAL_I2C_Mem_Read_DMA), (406 bytes).
    Removing stm32h7xx_hal_i2c.o(.ARM.exidx.text.HAL_I2C_Mem_Read_DMA), (8 bytes).
    Removing stm32h7xx_hal_i2c.o(.text.HAL_I2C_IsDeviceReady), (430 bytes).
    Removing stm32h7xx_hal_i2c.o(.ARM.exidx.text.HAL_I2C_IsDeviceReady), (8 bytes).
    Removing stm32h7xx_hal_i2c.o(.text.HAL_I2C_Master_Seq_Transmit_IT), (204 bytes).
    Removing stm32h7xx_hal_i2c.o(.ARM.exidx.text.HAL_I2C_Master_Seq_Transmit_IT), (8 bytes).
    Removing stm32h7xx_hal_i2c.o(.text.HAL_I2C_Master_Seq_Transmit_DMA), (444 bytes).
    Removing stm32h7xx_hal_i2c.o(.ARM.exidx.text.HAL_I2C_Master_Seq_Transmit_DMA), (8 bytes).
    Removing stm32h7xx_hal_i2c.o(.text.HAL_I2C_Master_Seq_Receive_IT), (230 bytes).
    Removing stm32h7xx_hal_i2c.o(.ARM.exidx.text.HAL_I2C_Master_Seq_Receive_IT), (8 bytes).
    Removing stm32h7xx_hal_i2c.o(.text.HAL_I2C_Master_Seq_Receive_DMA), (436 bytes).
    Removing stm32h7xx_hal_i2c.o(.ARM.exidx.text.HAL_I2C_Master_Seq_Receive_DMA), (8 bytes).
    Removing stm32h7xx_hal_i2c.o(.text.HAL_I2C_Slave_Seq_Transmit_IT), (222 bytes).
    Removing stm32h7xx_hal_i2c.o(.ARM.exidx.text.HAL_I2C_Slave_Seq_Transmit_IT), (8 bytes).
    Removing stm32h7xx_hal_i2c.o(.text.I2C_DMAAbort), (60 bytes).
    Removing stm32h7xx_hal_i2c.o(.ARM.exidx.text.I2C_DMAAbort), (8 bytes).
    Removing stm32h7xx_hal_i2c.o(.text.HAL_I2C_Slave_Seq_Transmit_DMA), (376 bytes).
    Removing stm32h7xx_hal_i2c.o(.ARM.exidx.text.HAL_I2C_Slave_Seq_Transmit_DMA), (8 bytes).
    Removing stm32h7xx_hal_i2c.o(.text.HAL_I2C_Slave_Seq_Receive_IT), (222 bytes).
    Removing stm32h7xx_hal_i2c.o(.ARM.exidx.text.HAL_I2C_Slave_Seq_Receive_IT), (8 bytes).
    Removing stm32h7xx_hal_i2c.o(.text.HAL_I2C_Slave_Seq_Receive_DMA), (402 bytes).
    Removing stm32h7xx_hal_i2c.o(.ARM.exidx.text.HAL_I2C_Slave_Seq_Receive_DMA), (8 bytes).
    Removing stm32h7xx_hal_i2c.o(.text.HAL_I2C_EnableListen_IT), (44 bytes).
    Removing stm32h7xx_hal_i2c.o(.ARM.exidx.text.HAL_I2C_EnableListen_IT), (8 bytes).
    Removing stm32h7xx_hal_i2c.o(.text.HAL_I2C_DisableListen_IT), (60 bytes).
    Removing stm32h7xx_hal_i2c.o(.ARM.exidx.text.HAL_I2C_DisableListen_IT), (8 bytes).
    Removing stm32h7xx_hal_i2c.o(.text.HAL_I2C_Master_Abort_IT), (198 bytes).
    Removing stm32h7xx_hal_i2c.o(.ARM.exidx.text.HAL_I2C_Master_Abort_IT), (8 bytes).
    Removing stm32h7xx_hal_i2c.o(.text.HAL_I2C_EV_IRQHandler), (16 bytes).
    Removing stm32h7xx_hal_i2c.o(.ARM.exidx.text.HAL_I2C_EV_IRQHandler), (8 bytes).
    Removing stm32h7xx_hal_i2c.o(.text.HAL_I2C_ER_IRQHandler), (96 bytes).
    Removing stm32h7xx_hal_i2c.o(.ARM.exidx.text.HAL_I2C_ER_IRQHandler), (8 bytes).
    Removing stm32h7xx_hal_i2c.o(.text.I2C_ITError), (350 bytes).
    Removing stm32h7xx_hal_i2c.o(.ARM.exidx.text.I2C_ITError), (8 bytes).
    Removing stm32h7xx_hal_i2c.o(.text.HAL_I2C_MasterTxCpltCallback), (2 bytes).
    Removing stm32h7xx_hal_i2c.o(.ARM.exidx.text.HAL_I2C_MasterTxCpltCallback), (8 bytes).
    Removing stm32h7xx_hal_i2c.o(.text.HAL_I2C_MasterRxCpltCallback), (2 bytes).
    Removing stm32h7xx_hal_i2c.o(.ARM.exidx.text.HAL_I2C_MasterRxCpltCallback), (8 bytes).
    Removing stm32h7xx_hal_i2c.o(.text.HAL_I2C_SlaveTxCpltCallback), (2 bytes).
    Removing stm32h7xx_hal_i2c.o(.ARM.exidx.text.HAL_I2C_SlaveTxCpltCallback), (8 bytes).
    Removing stm32h7xx_hal_i2c.o(.text.HAL_I2C_SlaveRxCpltCallback), (2 bytes).
    Removing stm32h7xx_hal_i2c.o(.ARM.exidx.text.HAL_I2C_SlaveRxCpltCallback), (8 bytes).
    Removing stm32h7xx_hal_i2c.o(.text.HAL_I2C_AddrCallback), (2 bytes).
    Removing stm32h7xx_hal_i2c.o(.ARM.exidx.text.HAL_I2C_AddrCallback), (8 bytes).
    Removing stm32h7xx_hal_i2c.o(.text.HAL_I2C_ListenCpltCallback), (2 bytes).
    Removing stm32h7xx_hal_i2c.o(.ARM.exidx.text.HAL_I2C_ListenCpltCallback), (8 bytes).
    Removing stm32h7xx_hal_i2c.o(.text.HAL_I2C_MemTxCpltCallback), (2 bytes).
    Removing stm32h7xx_hal_i2c.o(.ARM.exidx.text.HAL_I2C_MemTxCpltCallback), (8 bytes).
    Removing stm32h7xx_hal_i2c.o(.text.HAL_I2C_MemRxCpltCallback), (2 bytes).
    Removing stm32h7xx_hal_i2c.o(.ARM.exidx.text.HAL_I2C_MemRxCpltCallback), (8 bytes).
    Removing stm32h7xx_hal_i2c.o(.text.HAL_I2C_ErrorCallback), (2 bytes).
    Removing stm32h7xx_hal_i2c.o(.ARM.exidx.text.HAL_I2C_ErrorCallback), (8 bytes).
    Removing stm32h7xx_hal_i2c.o(.text.HAL_I2C_AbortCpltCallback), (2 bytes).
    Removing stm32h7xx_hal_i2c.o(.ARM.exidx.text.HAL_I2C_AbortCpltCallback), (8 bytes).
    Removing stm32h7xx_hal_i2c.o(.text.HAL_I2C_GetState), (6 bytes).
    Removing stm32h7xx_hal_i2c.o(.ARM.exidx.text.HAL_I2C_GetState), (8 bytes).
    Removing stm32h7xx_hal_i2c.o(.text.HAL_I2C_GetMode), (6 bytes).
    Removing stm32h7xx_hal_i2c.o(.ARM.exidx.text.HAL_I2C_GetMode), (8 bytes).
    Removing stm32h7xx_hal_i2c.o(.text.HAL_I2C_GetError), (4 bytes).
    Removing stm32h7xx_hal_i2c.o(.ARM.exidx.text.HAL_I2C_GetError), (8 bytes).
    Removing stm32h7xx_hal_i2c.o(.text.I2C_ITMasterSeqCplt), (112 bytes).
    Removing stm32h7xx_hal_i2c.o(.ARM.exidx.text.I2C_ITMasterSeqCplt), (8 bytes).
    Removing stm32h7xx_hal_i2c.o(.text.I2C_ITMasterCplt), (346 bytes).
    Removing stm32h7xx_hal_i2c.o(.ARM.exidx.text.I2C_ITMasterCplt), (8 bytes).
    Removing stm32h7xx_hal_i2c.o(.text.I2C_ITSlaveCplt), (562 bytes).
    Removing stm32h7xx_hal_i2c.o(.ARM.exidx.text.I2C_ITSlaveCplt), (8 bytes).
    Removing stm32h7xx_hal_i2c.o(.text.I2C_ITSlaveSeqCplt), (148 bytes).
    Removing stm32h7xx_hal_i2c.o(.ARM.exidx.text.I2C_ITSlaveSeqCplt), (8 bytes).
    Removing stm32h7xx_hal_i2c.o(.text.I2C_ITAddrCplt), (162 bytes).
    Removing stm32h7xx_hal_i2c.o(.ARM.exidx.text.I2C_ITAddrCplt), (8 bytes).
    Removing stm32h7xx_hal_i2c.o(.text.I2C_IsErrorOccurred), (342 bytes).
    Removing stm32h7xx_hal_i2c.o(.ARM.exidx.text.I2C_IsErrorOccurred), (8 bytes).
    Removing stm32h7xx_hal_i2c_ex.o(.text), (0 bytes).
    Removing stm32h7xx_hal_i2c_ex.o(.text.HAL_I2CEx_ConfigAnalogFilter), (74 bytes).
    Removing stm32h7xx_hal_i2c_ex.o(.ARM.exidx.text.HAL_I2CEx_ConfigAnalogFilter), (8 bytes).
    Removing stm32h7xx_hal_i2c_ex.o(.text.HAL_I2CEx_ConfigDigitalFilter), (72 bytes).
    Removing stm32h7xx_hal_i2c_ex.o(.ARM.exidx.text.HAL_I2CEx_ConfigDigitalFilter), (8 bytes).
    Removing stm32h7xx_hal_i2c_ex.o(.text.HAL_I2CEx_EnableWakeUp), (68 bytes).
    Removing stm32h7xx_hal_i2c_ex.o(.ARM.exidx.text.HAL_I2CEx_EnableWakeUp), (8 bytes).
    Removing stm32h7xx_hal_i2c_ex.o(.text.HAL_I2CEx_DisableWakeUp), (68 bytes).
    Removing stm32h7xx_hal_i2c_ex.o(.ARM.exidx.text.HAL_I2CEx_DisableWakeUp), (8 bytes).
    Removing stm32h7xx_hal_i2c_ex.o(.text.HAL_I2CEx_EnableFastModePlus), (46 bytes).
    Removing stm32h7xx_hal_i2c_ex.o(.ARM.exidx.text.HAL_I2CEx_EnableFastModePlus), (8 bytes).
    Removing stm32h7xx_hal_i2c_ex.o(.text.HAL_I2CEx_DisableFastModePlus), (48 bytes).
    Removing stm32h7xx_hal_i2c_ex.o(.ARM.exidx.text.HAL_I2CEx_DisableFastModePlus), (8 bytes).
    Removing stm32h7xx_hal_exti.o(.text), (0 bytes).
    Removing stm32h7xx_hal_exti.o(.text.HAL_EXTI_SetConfigLine), (314 bytes).
    Removing stm32h7xx_hal_exti.o(.ARM.exidx.text.HAL_EXTI_SetConfigLine), (8 bytes).
    Removing stm32h7xx_hal_exti.o(.text.HAL_EXTI_GetConfigLine), (234 bytes).
    Removing stm32h7xx_hal_exti.o(.ARM.exidx.text.HAL_EXTI_GetConfigLine), (8 bytes).
    Removing stm32h7xx_hal_exti.o(.text.HAL_EXTI_ClearConfigLine), (218 bytes).
    Removing stm32h7xx_hal_exti.o(.ARM.exidx.text.HAL_EXTI_ClearConfigLine), (8 bytes).
    Removing stm32h7xx_hal_exti.o(.text.HAL_EXTI_RegisterCallback), (20 bytes).
    Removing stm32h7xx_hal_exti.o(.ARM.exidx.text.HAL_EXTI_RegisterCallback), (8 bytes).
    Removing stm32h7xx_hal_exti.o(.text.HAL_EXTI_GetHandle), (12 bytes).
    Removing stm32h7xx_hal_exti.o(.ARM.exidx.text.HAL_EXTI_GetHandle), (8 bytes).
    Removing stm32h7xx_hal_exti.o(.text.HAL_EXTI_IRQHandler), (58 bytes).
    Removing stm32h7xx_hal_exti.o(.ARM.exidx.text.HAL_EXTI_IRQHandler), (8 bytes).
    Removing stm32h7xx_hal_exti.o(.text.HAL_EXTI_GetPending), (30 bytes).
    Removing stm32h7xx_hal_exti.o(.ARM.exidx.text.HAL_EXTI_GetPending), (8 bytes).
    Removing stm32h7xx_hal_exti.o(.text.HAL_EXTI_ClearPending), (26 bytes).
    Removing stm32h7xx_hal_exti.o(.ARM.exidx.text.HAL_EXTI_ClearPending), (8 bytes).
    Removing stm32h7xx_hal_exti.o(.text.HAL_EXTI_GenerateSWI), (26 bytes).
    Removing stm32h7xx_hal_exti.o(.ARM.exidx.text.HAL_EXTI_GenerateSWI), (8 bytes).
    Removing stm32h7xx_hal_tim.o(.text), (0 bytes).
    Removing stm32h7xx_hal_tim_ex.o(.text), (0 bytes).
    Removing system_stm32h7xx.o(.text), (0 bytes).
    Removing system_stm32h7xx.o(.ARM.exidx.text.SystemInit), (8 bytes).
    Removing system_stm32h7xx.o(.text.SystemCoreClockUpdate), (320 bytes).
    Removing system_stm32h7xx.o(.ARM.exidx.text.SystemCoreClockUpdate), (8 bytes).
    Removing eventrecorder.o(.text), (0 bytes).
    Removing eventrecorder.o(.ARM.exidx.text.EventRecorderTimerSetup), (8 bytes).
    Removing eventrecorder.o(.ARM.exidx.text.EventRecorderTimerGetFreq), (8 bytes).
    Removing eventrecorder.o(.ARM.exidx.text.EventRecorderTimerGetCount), (8 bytes).
    Removing eventrecorder.o(.ARM.exidx.text.EventRecorderInitialize), (8 bytes).
    Removing eventrecorder.o(.text.EventRecorderEnable), (576 bytes).
    Removing eventrecorder.o(.ARM.exidx.text.EventRecorderEnable), (8 bytes).
    Removing eventrecorder.o(.ARM.exidx.text.EventRecordItem), (8 bytes).
    Removing eventrecorder.o(.ARM.exidx.text.EventRecorderStart), (8 bytes).
    Removing eventrecorder.o(.ARM.exidx.text.EventRecorderDisable), (8 bytes).
    Removing eventrecorder.o(.text.EventRecorderStop), (126 bytes).
    Removing eventrecorder.o(.ARM.exidx.text.EventRecorderStop), (8 bytes).
    Removing eventrecorder.o(.text.EventRecorderClockUpdate), (122 bytes).
    Removing eventrecorder.o(.ARM.exidx.text.EventRecorderClockUpdate), (8 bytes).
    Removing eventrecorder.o(.ARM.exidx.text.EventRecordData), (8 bytes).
    Removing eventrecorder.o(.text.EventRecord2), (174 bytes).
    Removing eventrecorder.o(.ARM.exidx.text.EventRecord2), (8 bytes).
    Removing eventrecorder.o(.text.EventRecord4), (244 bytes).
    Removing eventrecorder.o(.ARM.exidx.text.EventRecord4), (8 bytes).
    Removing retarget_io.o(.text), (0 bytes).
    Removing retarget_io.o(.ARM.exidx.text.fputc), (8 bytes).
    Removing retarget_io.o(.text.fgetc), (6 bytes).
    Removing retarget_io.o(.ARM.exidx.text.fgetc), (8 bytes).
    Removing retarget_io.o(.text.__backspace), (6 bytes).
    Removing retarget_io.o(.ARM.exidx.text.__backspace), (8 bytes).
    Removing retarget_io.o(.text.__aeabi_assert), (360 bytes).
    Removing retarget_io.o(.ARM.exidx.text.__aeabi_assert), (8 bytes).
    Removing retarget_io.o(.text.abort), (2 bytes).
    Removing retarget_io.o(.ARM.exidx.text.abort), (8 bytes).

729 unused section(s) (total 59498 bytes) removed from the image.

==============================================================================

Image Symbol Table

    Local Symbols

    Symbol Name                              Value     Ov Type        Size  Object(Section)

    ../clib/microlib/init/entry.s            0x00000000   Number         0  entry.o ABSOLUTE
    ../clib/microlib/init/entry.s            0x00000000   Number         0  entry2.o ABSOLUTE
    ../clib/microlib/init/entry.s            0x00000000   Number         0  entry5.o ABSOLUTE
    ../clib/microlib/init/entry.s            0x00000000   Number         0  entry7a.o ABSOLUTE
    ../clib/microlib/init/entry.s            0x00000000   Number         0  entry7b.o ABSOLUTE
    ../clib/microlib/init/entry.s            0x00000000   Number         0  entry8a.o ABSOLUTE
    ../clib/microlib/init/entry.s            0x00000000   Number         0  entry8b.o ABSOLUTE
    ../clib/microlib/init/entry.s            0x00000000   Number         0  entry9a.o ABSOLUTE
    ../clib/microlib/init/entry.s            0x00000000   Number         0  entry9b.o ABSOLUTE
    ../clib/microlib/init/entry.s            0x00000000   Number         0  entry10a.o ABSOLUTE
    ../clib/microlib/init/entry.s            0x00000000   Number         0  entry10b.o ABSOLUTE
    ../clib/microlib/init/entry.s            0x00000000   Number         0  entry11a.o ABSOLUTE
    ../clib/microlib/init/entry.s            0x00000000   Number         0  entry11b.o ABSOLUTE
    ../clib/microlib/stdio/fputs.c           0x00000000   Number         0  fputs.o ABSOLUTE
    ../clib/microlib/stdio/fputs.c           0x00000000   Number         0  fputs_e.o ABSOLUTE
    ../clib/microlib/stdio/fwrite.c          0x00000000   Number         0  fwrite.o ABSOLUTE
    ../clib/microlib/stdio/fwrite.c          0x00000000   Number         0  fwrite_e.o ABSOLUTE
    ../clib/microlib/stdio/puts.c            0x00000000   Number         0  puts.o ABSOLUTE
    ../clib/microlib/stdio/puts.c            0x00000000   Number         0  puts_e.o ABSOLUTE
    ../clib/microlib/stdio/streams.c         0x00000000   Number         0  stdout.o ABSOLUTE
    ../clib/microlib/stdio/streams.c         0x00000000   Number         0  stderr.o ABSOLUTE
    ../clib/microlib/string/memcpy.c         0x00000000   Number         0  memcpya.o ABSOLUTE
    ../clib/microlib/string/memcpy.c         0x00000000   Number         0  memcpyb.o ABSOLUTE
    ../clib/microlib/string/memset.c         0x00000000   Number         0  memseta.o ABSOLUTE
    EventRecorder.c                          0x00000000   Number         0  eventrecorder.o ABSOLUTE
    dc.s                                     0x00000000   Number         0  dc.o ABSOLUTE
    gpio.c                                   0x00000000   Number         0  gpio.o ABSOLUTE
    handlers.s                               0x00000000   Number         0  handlers.o ABSOLUTE
    init.s                                   0x00000000   Number         0  init.o ABSOLUTE
    main.c                                   0x00000000   Number         0  main.o ABSOLUTE
    retarget_io.c                            0x00000000   Number         0  retarget_io.o ABSOLUTE
    startup_stm32h750xx.s                    0x00000000   Number         0  startup_stm32h750xx.o ABSOLUTE
    stm32h7xx_hal.c                          0x00000000   Number         0  stm32h7xx_hal.o ABSOLUTE
    stm32h7xx_hal_cortex.c                   0x00000000   Number         0  stm32h7xx_hal_cortex.o ABSOLUTE
    stm32h7xx_hal_dma.c                      0x00000000   Number         0  stm32h7xx_hal_dma.o ABSOLUTE
    stm32h7xx_hal_dma_ex.c                   0x00000000   Number         0  stm32h7xx_hal_dma_ex.o ABSOLUTE
    stm32h7xx_hal_exti.c                     0x00000000   Number         0  stm32h7xx_hal_exti.o ABSOLUTE
    stm32h7xx_hal_flash.c                    0x00000000   Number         0  stm32h7xx_hal_flash.o ABSOLUTE
    stm32h7xx_hal_flash_ex.c                 0x00000000   Number         0  stm32h7xx_hal_flash_ex.o ABSOLUTE
    stm32h7xx_hal_gpio.c                     0x00000000   Number         0  stm32h7xx_hal_gpio.o ABSOLUTE
    stm32h7xx_hal_hsem.c                     0x00000000   Number         0  stm32h7xx_hal_hsem.o ABSOLUTE
    stm32h7xx_hal_i2c.c                      0x00000000   Number         0  stm32h7xx_hal_i2c.o ABSOLUTE
    stm32h7xx_hal_i2c_ex.c                   0x00000000   Number         0  stm32h7xx_hal_i2c_ex.o ABSOLUTE
    stm32h7xx_hal_mdma.c                     0x00000000   Number         0  stm32h7xx_hal_mdma.o ABSOLUTE
    stm32h7xx_hal_msp.c                      0x00000000   Number         0  stm32h7xx_hal_msp.o ABSOLUTE
    stm32h7xx_hal_pwr.c                      0x00000000   Number         0  stm32h7xx_hal_pwr.o ABSOLUTE
    stm32h7xx_hal_pwr_ex.c                   0x00000000   Number         0  stm32h7xx_hal_pwr_ex.o ABSOLUTE
    stm32h7xx_hal_rcc.c                      0x00000000   Number         0  stm32h7xx_hal_rcc.o ABSOLUTE
    stm32h7xx_hal_rcc_ex.c                   0x00000000   Number         0  stm32h7xx_hal_rcc_ex.o ABSOLUTE
    stm32h7xx_hal_tim.c                      0x00000000   Number         0  stm32h7xx_hal_tim.o ABSOLUTE
    stm32h7xx_hal_tim_ex.c                   0x00000000   Number         0  stm32h7xx_hal_tim_ex.o ABSOLUTE
    stm32h7xx_it.c                           0x00000000   Number         0  stm32h7xx_it.o ABSOLUTE
    system_stm32h7xx.c                       0x00000000   Number         0  system_stm32h7xx.o ABSOLUTE
    RESET                                    0x08000000   Section      664  startup_stm32h750xx.o(RESET)
    .ARM.Collect$$$$00000000                 0x08000298   Section        0  entry.o(.ARM.Collect$$$$00000000)
    .ARM.Collect$$$$00000001                 0x08000298   Section        4  entry2.o(.ARM.Collect$$$$00000001)
    .ARM.Collect$$$$00000004                 0x0800029c   Section        4  entry5.o(.ARM.Collect$$$$00000004)
    .ARM.Collect$$$$00000008                 0x080002a0   Section        0  entry7b.o(.ARM.Collect$$$$00000008)
    .ARM.Collect$$$$0000000A                 0x080002a0   Section        0  entry8b.o(.ARM.Collect$$$$0000000A)
    .ARM.Collect$$$$0000000B                 0x080002a0   Section        8  entry9a.o(.ARM.Collect$$$$0000000B)
    __lit__00000000                          0x080002a8   Data           4  entry2.o(.ARM.Collect$$$$00002712)
    .ARM.Collect$$$$0000000D                 0x080002a8   Section        0  entry10a.o(.ARM.Collect$$$$0000000D)
    .ARM.Collect$$$$0000000F                 0x080002a8   Section        0  entry11a.o(.ARM.Collect$$$$0000000F)
    .ARM.Collect$$$$00002712                 0x080002a8   Section        4  entry2.o(.ARM.Collect$$$$00002712)
    $v0                                      0x080002ac   Number         0  startup_stm32h750xx.o(.text)
    .text                                    0x080002ac   Section       36  startup_stm32h750xx.o(.text)
    .text                                    0x080002d0   Section        0  memcpya.o(.text)
    .text                                    0x080002f4   Section        0  memseta.o(.text)
    .text                                    0x08000318   Section       36  init.o(.text)
    [Anonymous Symbol]                       0x08000340   Section        0  stm32h7xx_it.o(.text.BusFault_Handler)
    [Anonymous Symbol]                       0x08000348   Section        0  stm32h7xx_it.o(.text.DebugMon_Handler)
    [Anonymous Symbol]                       0x08000350   Section        0  eventrecorder.o(.text.EventRecordData)
    EventRecordItem                          0x080004f1   Thumb Code   692  eventrecorder.o(.text.EventRecordItem)
    [Anonymous Symbol]                       0x080004f0   Section        0  eventrecorder.o(.text.EventRecordItem)
    [Anonymous Symbol]                       0x080007a8   Section        0  eventrecorder.o(.text.EventRecorderDisable)
    [Anonymous Symbol]                       0x080009e8   Section        0  eventrecorder.o(.text.EventRecorderInitialize)
    [Anonymous Symbol]                       0x08001520   Section        0  eventrecorder.o(.text.EventRecorderStart)
    [Anonymous Symbol]                       0x080015a8   Section        0  eventrecorder.o(.text.EventRecorderTimerGetCount)
    [Anonymous Symbol]                       0x080015b8   Section        0  eventrecorder.o(.text.EventRecorderTimerGetFreq)
    [Anonymous Symbol]                       0x080015c8   Section        0  eventrecorder.o(.text.EventRecorderTimerSetup)
    [Anonymous Symbol]                       0x080015f0   Section        0  stm32h7xx_hal.o(.text.HAL_Delay)
    [Anonymous Symbol]                       0x08001618   Section        0  stm32h7xx_hal_gpio.o(.text.HAL_GPIO_Init)
    [Anonymous Symbol]                       0x08001800   Section        0  stm32h7xx_hal_gpio.o(.text.HAL_GPIO_WritePin)
    [Anonymous Symbol]                       0x08001810   Section        0  stm32h7xx_hal.o(.text.HAL_GetREVID)
    [Anonymous Symbol]                       0x08001820   Section        0  stm32h7xx_hal.o(.text.HAL_GetTick)
    [Anonymous Symbol]                       0x08001830   Section        0  stm32h7xx_hal.o(.text.HAL_IncTick)
    [Anonymous Symbol]                       0x08001850   Section        0  stm32h7xx_hal.o(.text.HAL_Init)
    [Anonymous Symbol]                       0x080018b8   Section        0  stm32h7xx_hal.o(.text.HAL_InitTick)
    [Anonymous Symbol]                       0x08001908   Section        0  stm32h7xx_hal_cortex.o(.text.HAL_MPU_ConfigRegion)
    [Anonymous Symbol]                       0x08001968   Section        0  stm32h7xx_hal_cortex.o(.text.HAL_MPU_Disable)
    [Anonymous Symbol]                       0x08001988   Section        0  stm32h7xx_hal_cortex.o(.text.HAL_MPU_Enable)
    [Anonymous Symbol]                       0x080019a8   Section        0  stm32h7xx_hal_msp.o(.text.HAL_MspInit)
    [Anonymous Symbol]                       0x080019c8   Section        0  stm32h7xx_hal_cortex.o(.text.HAL_NVIC_SetPriority)
    [Anonymous Symbol]                       0x08001a28   Section        0  stm32h7xx_hal_cortex.o(.text.HAL_NVIC_SetPriorityGrouping)
    [Anonymous Symbol]                       0x08001a48   Section        0  stm32h7xx_hal_pwr_ex.o(.text.HAL_PWREx_ConfigSupply)
    [Anonymous Symbol]                       0x08001a98   Section        0  stm32h7xx_hal_rcc.o(.text.HAL_RCC_ClockConfig)
    [Anonymous Symbol]                       0x08001d00   Section        0  stm32h7xx_hal_rcc.o(.text.HAL_RCC_GetSysClockFreq)
    [Anonymous Symbol]                       0x08001e18   Section        0  stm32h7xx_hal_rcc.o(.text.HAL_RCC_OscConfig)
    [Anonymous Symbol]                       0x08002338   Section        0  stm32h7xx_hal_cortex.o(.text.HAL_SYSTICK_Config)
    [Anonymous Symbol]                       0x08002368   Section        0  stm32h7xx_it.o(.text.HardFault_Handler)
    [Anonymous Symbol]                       0x08002370   Section        0  gpio.o(.text.MX_GPIO_Init)
    [Anonymous Symbol]                       0x080023f8   Section        0  stm32h7xx_it.o(.text.MemManage_Handler)
    [Anonymous Symbol]                       0x08002400   Section        0  stm32h7xx_it.o(.text.NMI_Handler)
    [Anonymous Symbol]                       0x08002408   Section        0  stm32h7xx_it.o(.text.PendSV_Handler)
    [Anonymous Symbol]                       0x08002410   Section        0  stm32h7xx_it.o(.text.SVC_Handler)
    [Anonymous Symbol]                       0x08002418   Section        0  stm32h7xx_it.o(.text.SysTick_Handler)
    [Anonymous Symbol]                       0x08002420   Section        0  main.o(.text.SystemClock_Config)
    [Anonymous Symbol]                       0x080024e8   Section        0  system_stm32h7xx.o(.text.SystemInit)
    [Anonymous Symbol]                       0x080025b8   Section        0  stm32h7xx_it.o(.text.UsageFault_Handler)
    [Anonymous Symbol]                       0x080025c0   Section        0  retarget_io.o(.text.fputc)
    [Anonymous Symbol]                       0x08002610   Section        0  main.o(.text.main)
    i.__scatterload_copy                     0x08002678   Section       14  handlers.o(i.__scatterload_copy)
    i.__scatterload_null                     0x08002686   Section        2  handlers.o(i.__scatterload_null)
    i.__scatterload_zeroinit                 0x08002688   Section       14  handlers.o(i.__scatterload_zeroinit)
    i.puts                                   0x08002698   Section        0  puts.o(i.puts)
    __tagsym$$used.0                         0x080026cc   Number         0  eventrecorder.o(.rodata.EventRecorderInfo)
    .Lstr.1                                  0x080026e4   Data          11  main.o(.rodata.str1.1)
    [Anonymous Symbol]                       0x080026e4   Section        0  main.o(.rodata.str1.1)
    TS_OverflowLock                          0x20000000   Data           1  eventrecorder.o(.bss.TS_OverflowLock)
    [Anonymous Symbol]                       0x20000000   Section        0  eventrecorder.o(.bss.TS_OverflowLock)
    EventBuffer                              0x20000040   Data        1024  eventrecorder.o(.bss.noinit)
    [Anonymous Symbol]                       0x20000040   Section        0  eventrecorder.o(.bss.noinit)
    EventFilter                              0x20000440   Data         128  eventrecorder.o(.bss.noinit)
    EventStatus                              0x200004c0   Data          36  eventrecorder.o(.bss.noinit)
    .data                                    0x24000000   Section        4  stdout.o(.data)
    .L_MergedGlobals                         0x24000004   Data           8  stm32h7xx_hal.o(.data..L_MergedGlobals)
    [Anonymous Symbol]                       0x24000004   Section        0  stm32h7xx_hal.o(.data..L_MergedGlobals)
    .L_MergedGlobals                         0x2400000c   Data           8  system_stm32h7xx.o(.data..L_MergedGlobals)
    [Anonymous Symbol]                       0x2400000c   Section        0  system_stm32h7xx.o(.data..L_MergedGlobals)
    .L_MergedGlobals                         0x24000018   Data          12  retarget_io.o(.bss..L_MergedGlobals)
    stdout_putchar.index                     0x24000018   Data           4  retarget_io.o(.bss..L_MergedGlobals)
    [Anonymous Symbol]                       0x24000018   Section        0  retarget_io.o(.bss..L_MergedGlobals)
    stdout_putchar.buffer                    0x2400001c   Data           8  retarget_io.o(.bss..L_MergedGlobals)
    STACK                                    0x24000028   Section     4096  startup_stm32h750xx.o(STACK)

    Global Symbols

    Symbol Name                              Value     Ov Type        Size  Object(Section)

    BuildAttributes$$THM_ISAv4$E$P$D$K$B$S$7EM$VFPv5_D16$PE$PLD8$A:L22UL41UL21$X:L11$S22US41US21$IEEE1$IW$~IW$USESV6$~STKCKD$USESV7$~SHL$OTIME$EBA8$MICROLIB$REQ8$PRES8$EABIv2 0x00000000   Number         0  anon$$obj.o ABSOLUTE
    __cpp_initialize__aeabi_                  - Undefined Weak Reference
    __cxa_finalize                            - Undefined Weak Reference
    __decompress                              - Undefined Weak Reference
    _clock_init                               - Undefined Weak Reference
    _microlib_exit                            - Undefined Weak Reference
    __Vectors_Size                           0x00000298   Number         0  startup_stm32h750xx.o ABSOLUTE
    __Vectors                                0x08000000   Data           4  startup_stm32h750xx.o(RESET)
    __Vectors_End                            0x08000298   Data           0  startup_stm32h750xx.o(RESET)
    __main                                   0x08000299   Thumb Code     0  entry.o(.ARM.Collect$$$$00000000)
    _main_stk                                0x08000299   Thumb Code     0  entry2.o(.ARM.Collect$$$$00000001)
    _main_scatterload                        0x0800029d   Thumb Code     0  entry5.o(.ARM.Collect$$$$00000004)
    __main_after_scatterload                 0x080002a1   Thumb Code     0  entry5.o(.ARM.Collect$$$$00000004)
    _main_clock                              0x080002a1   Thumb Code     0  entry7b.o(.ARM.Collect$$$$00000008)
    _main_cpp_init                           0x080002a1   Thumb Code     0  entry8b.o(.ARM.Collect$$$$0000000A)
    _main_init                               0x080002a1   Thumb Code     0  entry9a.o(.ARM.Collect$$$$0000000B)
    __rt_final_cpp                           0x080002a9   Thumb Code     0  entry10a.o(.ARM.Collect$$$$0000000D)
    __rt_final_exit                          0x080002a9   Thumb Code     0  entry11a.o(.ARM.Collect$$$$0000000F)
    Reset_Handler                            0x080002ad   Thumb Code     8  startup_stm32h750xx.o(.text)
    ADC3_IRQHandler                          0x080002c7   Thumb Code     0  startup_stm32h750xx.o(.text)
    ADC_IRQHandler                           0x080002c7   Thumb Code     0  startup_stm32h750xx.o(.text)
    BDMA_Channel0_IRQHandler                 0x080002c7   Thumb Code     0  startup_stm32h750xx.o(.text)
    BDMA_Channel1_IRQHandler                 0x080002c7   Thumb Code     0  startup_stm32h750xx.o(.text)
    BDMA_Channel2_IRQHandler                 0x080002c7   Thumb Code     0  startup_stm32h750xx.o(.text)
    BDMA_Channel3_IRQHandler                 0x080002c7   Thumb Code     0  startup_stm32h750xx.o(.text)
    BDMA_Channel4_IRQHandler                 0x080002c7   Thumb Code     0  startup_stm32h750xx.o(.text)
    BDMA_Channel5_IRQHandler                 0x080002c7   Thumb Code     0  startup_stm32h750xx.o(.text)
    BDMA_Channel6_IRQHandler                 0x080002c7   Thumb Code     0  startup_stm32h750xx.o(.text)
    BDMA_Channel7_IRQHandler                 0x080002c7   Thumb Code     0  startup_stm32h750xx.o(.text)
    CEC_IRQHandler                           0x080002c7   Thumb Code     0  startup_stm32h750xx.o(.text)
    COMP1_IRQHandler                         0x080002c7   Thumb Code     0  startup_stm32h750xx.o(.text)
    CRS_IRQHandler                           0x080002c7   Thumb Code     0  startup_stm32h750xx.o(.text)
    CRYP_IRQHandler                          0x080002c7   Thumb Code     0  startup_stm32h750xx.o(.text)
    DCMI_IRQHandler                          0x080002c7   Thumb Code     0  startup_stm32h750xx.o(.text)
    DFSDM1_FLT0_IRQHandler                   0x080002c7   Thumb Code     0  startup_stm32h750xx.o(.text)
    DFSDM1_FLT1_IRQHandler                   0x080002c7   Thumb Code     0  startup_stm32h750xx.o(.text)
    DFSDM1_FLT2_IRQHandler                   0x080002c7   Thumb Code     0  startup_stm32h750xx.o(.text)
    DFSDM1_FLT3_IRQHandler                   0x080002c7   Thumb Code     0  startup_stm32h750xx.o(.text)
    DMA1_Stream0_IRQHandler                  0x080002c7   Thumb Code     0  startup_stm32h750xx.o(.text)
    DMA1_Stream1_IRQHandler                  0x080002c7   Thumb Code     0  startup_stm32h750xx.o(.text)
    DMA1_Stream2_IRQHandler                  0x080002c7   Thumb Code     0  startup_stm32h750xx.o(.text)
    DMA1_Stream3_IRQHandler                  0x080002c7   Thumb Code     0  startup_stm32h750xx.o(.text)
    DMA1_Stream4_IRQHandler                  0x080002c7   Thumb Code     0  startup_stm32h750xx.o(.text)
    DMA1_Stream5_IRQHandler                  0x080002c7   Thumb Code     0  startup_stm32h750xx.o(.text)
    DMA1_Stream6_IRQHandler                  0x080002c7   Thumb Code     0  startup_stm32h750xx.o(.text)
    DMA1_Stream7_IRQHandler                  0x080002c7   Thumb Code     0  startup_stm32h750xx.o(.text)
    DMA2D_IRQHandler                         0x080002c7   Thumb Code     0  startup_stm32h750xx.o(.text)
    DMA2_Stream0_IRQHandler                  0x080002c7   Thumb Code     0  startup_stm32h750xx.o(.text)
    DMA2_Stream1_IRQHandler                  0x080002c7   Thumb Code     0  startup_stm32h750xx.o(.text)
    DMA2_Stream2_IRQHandler                  0x080002c7   Thumb Code     0  startup_stm32h750xx.o(.text)
    DMA2_Stream3_IRQHandler                  0x080002c7   Thumb Code     0  startup_stm32h750xx.o(.text)
    DMA2_Stream4_IRQHandler                  0x080002c7   Thumb Code     0  startup_stm32h750xx.o(.text)
    DMA2_Stream5_IRQHandler                  0x080002c7   Thumb Code     0  startup_stm32h750xx.o(.text)
    DMA2_Stream6_IRQHandler                  0x080002c7   Thumb Code     0  startup_stm32h750xx.o(.text)
    DMA2_Stream7_IRQHandler                  0x080002c7   Thumb Code     0  startup_stm32h750xx.o(.text)
    DMAMUX1_OVR_IRQHandler                   0x080002c7   Thumb Code     0  startup_stm32h750xx.o(.text)
    DMAMUX2_OVR_IRQHandler                   0x080002c7   Thumb Code     0  startup_stm32h750xx.o(.text)
    ECC_IRQHandler                           0x080002c7   Thumb Code     0  startup_stm32h750xx.o(.text)
    ETH_IRQHandler                           0x080002c7   Thumb Code     0  startup_stm32h750xx.o(.text)
    ETH_WKUP_IRQHandler                      0x080002c7   Thumb Code     0  startup_stm32h750xx.o(.text)
    EXTI0_IRQHandler                         0x080002c7   Thumb Code     0  startup_stm32h750xx.o(.text)
    EXTI15_10_IRQHandler                     0x080002c7   Thumb Code     0  startup_stm32h750xx.o(.text)
    EXTI1_IRQHandler                         0x080002c7   Thumb Code     0  startup_stm32h750xx.o(.text)
    EXTI2_IRQHandler                         0x080002c7   Thumb Code     0  startup_stm32h750xx.o(.text)
    EXTI3_IRQHandler                         0x080002c7   Thumb Code     0  startup_stm32h750xx.o(.text)
    EXTI4_IRQHandler                         0x080002c7   Thumb Code     0  startup_stm32h750xx.o(.text)
    EXTI9_5_IRQHandler                       0x080002c7   Thumb Code     0  startup_stm32h750xx.o(.text)
    FDCAN1_IT0_IRQHandler                    0x080002c7   Thumb Code     0  startup_stm32h750xx.o(.text)
    FDCAN1_IT1_IRQHandler                    0x080002c7   Thumb Code     0  startup_stm32h750xx.o(.text)
    FDCAN2_IT0_IRQHandler                    0x080002c7   Thumb Code     0  startup_stm32h750xx.o(.text)
    FDCAN2_IT1_IRQHandler                    0x080002c7   Thumb Code     0  startup_stm32h750xx.o(.text)
    FDCAN_CAL_IRQHandler                     0x080002c7   Thumb Code     0  startup_stm32h750xx.o(.text)
    FLASH_IRQHandler                         0x080002c7   Thumb Code     0  startup_stm32h750xx.o(.text)
    FMC_IRQHandler                           0x080002c7   Thumb Code     0  startup_stm32h750xx.o(.text)
    FPU_IRQHandler                           0x080002c7   Thumb Code     0  startup_stm32h750xx.o(.text)
    HASH_RNG_IRQHandler                      0x080002c7   Thumb Code     0  startup_stm32h750xx.o(.text)
    HRTIM1_FLT_IRQHandler                    0x080002c7   Thumb Code     0  startup_stm32h750xx.o(.text)
    HRTIM1_Master_IRQHandler                 0x080002c7   Thumb Code     0  startup_stm32h750xx.o(.text)
    HRTIM1_TIMA_IRQHandler                   0x080002c7   Thumb Code     0  startup_stm32h750xx.o(.text)
    HRTIM1_TIMB_IRQHandler                   0x080002c7   Thumb Code     0  startup_stm32h750xx.o(.text)
    HRTIM1_TIMC_IRQHandler                   0x080002c7   Thumb Code     0  startup_stm32h750xx.o(.text)
    HRTIM1_TIMD_IRQHandler                   0x080002c7   Thumb Code     0  startup_stm32h750xx.o(.text)
    HRTIM1_TIME_IRQHandler                   0x080002c7   Thumb Code     0  startup_stm32h750xx.o(.text)
    HSEM1_IRQHandler                         0x080002c7   Thumb Code     0  startup_stm32h750xx.o(.text)
    I2C1_ER_IRQHandler                       0x080002c7   Thumb Code     0  startup_stm32h750xx.o(.text)
    I2C1_EV_IRQHandler                       0x080002c7   Thumb Code     0  startup_stm32h750xx.o(.text)
    I2C2_ER_IRQHandler                       0x080002c7   Thumb Code     0  startup_stm32h750xx.o(.text)
    I2C2_EV_IRQHandler                       0x080002c7   Thumb Code     0  startup_stm32h750xx.o(.text)
    I2C3_ER_IRQHandler                       0x080002c7   Thumb Code     0  startup_stm32h750xx.o(.text)
    I2C3_EV_IRQHandler                       0x080002c7   Thumb Code     0  startup_stm32h750xx.o(.text)
    I2C4_ER_IRQHandler                       0x080002c7   Thumb Code     0  startup_stm32h750xx.o(.text)
    I2C4_EV_IRQHandler                       0x080002c7   Thumb Code     0  startup_stm32h750xx.o(.text)
    JPEG_IRQHandler                          0x080002c7   Thumb Code     0  startup_stm32h750xx.o(.text)
    LPTIM1_IRQHandler                        0x080002c7   Thumb Code     0  startup_stm32h750xx.o(.text)
    LPTIM2_IRQHandler                        0x080002c7   Thumb Code     0  startup_stm32h750xx.o(.text)
    LPTIM3_IRQHandler                        0x080002c7   Thumb Code     0  startup_stm32h750xx.o(.text)
    LPTIM4_IRQHandler                        0x080002c7   Thumb Code     0  startup_stm32h750xx.o(.text)
    LPTIM5_IRQHandler                        0x080002c7   Thumb Code     0  startup_stm32h750xx.o(.text)
    LPUART1_IRQHandler                       0x080002c7   Thumb Code     0  startup_stm32h750xx.o(.text)
    LTDC_ER_IRQHandler                       0x080002c7   Thumb Code     0  startup_stm32h750xx.o(.text)
    LTDC_IRQHandler                          0x080002c7   Thumb Code     0  startup_stm32h750xx.o(.text)
    MDIOS_IRQHandler                         0x080002c7   Thumb Code     0  startup_stm32h750xx.o(.text)
    MDIOS_WKUP_IRQHandler                    0x080002c7   Thumb Code     0  startup_stm32h750xx.o(.text)
    MDMA_IRQHandler                          0x080002c7   Thumb Code     0  startup_stm32h750xx.o(.text)
    OTG_FS_EP1_IN_IRQHandler                 0x080002c7   Thumb Code     0  startup_stm32h750xx.o(.text)
    OTG_FS_EP1_OUT_IRQHandler                0x080002c7   Thumb Code     0  startup_stm32h750xx.o(.text)
    OTG_FS_IRQHandler                        0x080002c7   Thumb Code     0  startup_stm32h750xx.o(.text)
    OTG_FS_WKUP_IRQHandler                   0x080002c7   Thumb Code     0  startup_stm32h750xx.o(.text)
    OTG_HS_EP1_IN_IRQHandler                 0x080002c7   Thumb Code     0  startup_stm32h750xx.o(.text)
    OTG_HS_EP1_OUT_IRQHandler                0x080002c7   Thumb Code     0  startup_stm32h750xx.o(.text)
    OTG_HS_IRQHandler                        0x080002c7   Thumb Code     0  startup_stm32h750xx.o(.text)
    OTG_HS_WKUP_IRQHandler                   0x080002c7   Thumb Code     0  startup_stm32h750xx.o(.text)
    PVD_AVD_IRQHandler                       0x080002c7   Thumb Code     0  startup_stm32h750xx.o(.text)
    QUADSPI_IRQHandler                       0x080002c7   Thumb Code     0  startup_stm32h750xx.o(.text)
    RCC_IRQHandler                           0x080002c7   Thumb Code     0  startup_stm32h750xx.o(.text)
    RTC_Alarm_IRQHandler                     0x080002c7   Thumb Code     0  startup_stm32h750xx.o(.text)
    RTC_WKUP_IRQHandler                      0x080002c7   Thumb Code     0  startup_stm32h750xx.o(.text)
    SAI1_IRQHandler                          0x080002c7   Thumb Code     0  startup_stm32h750xx.o(.text)
    SAI2_IRQHandler                          0x080002c7   Thumb Code     0  startup_stm32h750xx.o(.text)
    SAI3_IRQHandler                          0x080002c7   Thumb Code     0  startup_stm32h750xx.o(.text)
    SAI4_IRQHandler                          0x080002c7   Thumb Code     0  startup_stm32h750xx.o(.text)
    SDMMC1_IRQHandler                        0x080002c7   Thumb Code     0  startup_stm32h750xx.o(.text)
    SDMMC2_IRQHandler                        0x080002c7   Thumb Code     0  startup_stm32h750xx.o(.text)
    SPDIF_RX_IRQHandler                      0x080002c7   Thumb Code     0  startup_stm32h750xx.o(.text)
    SPI1_IRQHandler                          0x080002c7   Thumb Code     0  startup_stm32h750xx.o(.text)
    SPI2_IRQHandler                          0x080002c7   Thumb Code     0  startup_stm32h750xx.o(.text)
    SPI3_IRQHandler                          0x080002c7   Thumb Code     0  startup_stm32h750xx.o(.text)
    SPI4_IRQHandler                          0x080002c7   Thumb Code     0  startup_stm32h750xx.o(.text)
    SPI5_IRQHandler                          0x080002c7   Thumb Code     0  startup_stm32h750xx.o(.text)
    SPI6_IRQHandler                          0x080002c7   Thumb Code     0  startup_stm32h750xx.o(.text)
    SWPMI1_IRQHandler                        0x080002c7   Thumb Code     0  startup_stm32h750xx.o(.text)
    TAMP_STAMP_IRQHandler                    0x080002c7   Thumb Code     0  startup_stm32h750xx.o(.text)
    TIM15_IRQHandler                         0x080002c7   Thumb Code     0  startup_stm32h750xx.o(.text)
    TIM16_IRQHandler                         0x080002c7   Thumb Code     0  startup_stm32h750xx.o(.text)
    TIM17_IRQHandler                         0x080002c7   Thumb Code     0  startup_stm32h750xx.o(.text)
    TIM1_BRK_IRQHandler                      0x080002c7   Thumb Code     0  startup_stm32h750xx.o(.text)
    TIM1_CC_IRQHandler                       0x080002c7   Thumb Code     0  startup_stm32h750xx.o(.text)
    TIM1_TRG_COM_IRQHandler                  0x080002c7   Thumb Code     0  startup_stm32h750xx.o(.text)
    TIM1_UP_IRQHandler                       0x080002c7   Thumb Code     0  startup_stm32h750xx.o(.text)
    TIM2_IRQHandler                          0x080002c7   Thumb Code     0  startup_stm32h750xx.o(.text)
    TIM3_IRQHandler                          0x080002c7   Thumb Code     0  startup_stm32h750xx.o(.text)
    TIM4_IRQHandler                          0x080002c7   Thumb Code     0  startup_stm32h750xx.o(.text)
    TIM5_IRQHandler                          0x080002c7   Thumb Code     0  startup_stm32h750xx.o(.text)
    TIM6_DAC_IRQHandler                      0x080002c7   Thumb Code     0  startup_stm32h750xx.o(.text)
    TIM7_IRQHandler                          0x080002c7   Thumb Code     0  startup_stm32h750xx.o(.text)
    TIM8_BRK_TIM12_IRQHandler                0x080002c7   Thumb Code     0  startup_stm32h750xx.o(.text)
    TIM8_CC_IRQHandler                       0x080002c7   Thumb Code     0  startup_stm32h750xx.o(.text)
    TIM8_TRG_COM_TIM14_IRQHandler            0x080002c7   Thumb Code     0  startup_stm32h750xx.o(.text)
    TIM8_UP_TIM13_IRQHandler                 0x080002c7   Thumb Code     0  startup_stm32h750xx.o(.text)
    UART4_IRQHandler                         0x080002c7   Thumb Code     0  startup_stm32h750xx.o(.text)
    UART5_IRQHandler                         0x080002c7   Thumb Code     0  startup_stm32h750xx.o(.text)
    UART7_IRQHandler                         0x080002c7   Thumb Code     0  startup_stm32h750xx.o(.text)
    UART8_IRQHandler                         0x080002c7   Thumb Code     0  startup_stm32h750xx.o(.text)
    USART1_IRQHandler                        0x080002c7   Thumb Code     0  startup_stm32h750xx.o(.text)
    USART2_IRQHandler                        0x080002c7   Thumb Code     0  startup_stm32h750xx.o(.text)
    USART3_IRQHandler                        0x080002c7   Thumb Code     0  startup_stm32h750xx.o(.text)
    USART6_IRQHandler                        0x080002c7   Thumb Code     0  startup_stm32h750xx.o(.text)
    WAKEUP_PIN_IRQHandler                    0x080002c7   Thumb Code     0  startup_stm32h750xx.o(.text)
    WWDG_IRQHandler                          0x080002c7   Thumb Code     0  startup_stm32h750xx.o(.text)
    __aeabi_memcpy                           0x080002d1   Thumb Code    36  memcpya.o(.text)
    __aeabi_memcpy4                          0x080002d1   Thumb Code     0  memcpya.o(.text)
    __aeabi_memcpy8                          0x080002d1   Thumb Code     0  memcpya.o(.text)
    __aeabi_memset                           0x080002f5   Thumb Code    14  memseta.o(.text)
    __aeabi_memset4                          0x080002f5   Thumb Code     0  memseta.o(.text)
    __aeabi_memset8                          0x080002f5   Thumb Code     0  memseta.o(.text)
    __aeabi_memclr                           0x08000303   Thumb Code     4  memseta.o(.text)
    __aeabi_memclr4                          0x08000303   Thumb Code     0  memseta.o(.text)
    __aeabi_memclr8                          0x08000303   Thumb Code     0  memseta.o(.text)
    _memset$wrapper                          0x08000307   Thumb Code    18  memseta.o(.text)
    __scatterload                            0x08000319   Thumb Code    28  init.o(.text)
    __scatterload_rt2                        0x08000319   Thumb Code     0  init.o(.text)
    BusFault_Handler                         0x08000341   Thumb Code     2  stm32h7xx_it.o(.text.BusFault_Handler)
    DebugMon_Handler                         0x08000349   Thumb Code     2  stm32h7xx_it.o(.text.DebugMon_Handler)
    EventRecordData                          0x08000351   Thumb Code   416  eventrecorder.o(.text.EventRecordData)
    EventRecorderDisable                     0x080007a9   Thumb Code   576  eventrecorder.o(.text.EventRecorderDisable)
    EventRecorderInitialize                  0x080009e9   Thumb Code  2868  eventrecorder.o(.text.EventRecorderInitialize)
    EventRecorderStart                       0x08001521   Thumb Code   134  eventrecorder.o(.text.EventRecorderStart)
    EventRecorderTimerGetCount               0x080015a9   Thumb Code    12  eventrecorder.o(.text.EventRecorderTimerGetCount)
    EventRecorderTimerGetFreq                0x080015b9   Thumb Code    12  eventrecorder.o(.text.EventRecorderTimerGetFreq)
    EventRecorderTimerSetup                  0x080015c9   Thumb Code    36  eventrecorder.o(.text.EventRecorderTimerSetup)
    HAL_Delay                                0x080015f1   Thumb Code    40  stm32h7xx_hal.o(.text.HAL_Delay)
    HAL_GPIO_Init                            0x08001619   Thumb Code   486  stm32h7xx_hal_gpio.o(.text.HAL_GPIO_Init)
    HAL_GPIO_WritePin                        0x08001801   Thumb Code    10  stm32h7xx_hal_gpio.o(.text.HAL_GPIO_WritePin)
    HAL_GetREVID                             0x08001811   Thumb Code    14  stm32h7xx_hal.o(.text.HAL_GetREVID)
    HAL_GetTick                              0x08001821   Thumb Code    12  stm32h7xx_hal.o(.text.HAL_GetTick)
    HAL_IncTick                              0x08001831   Thumb Code    26  stm32h7xx_hal.o(.text.HAL_IncTick)
    HAL_Init                                 0x08001851   Thumb Code   100  stm32h7xx_hal.o(.text.HAL_Init)
    HAL_InitTick                             0x080018b9   Thumb Code    76  stm32h7xx_hal.o(.text.HAL_InitTick)
    HAL_MPU_ConfigRegion                     0x08001909   Thumb Code    96  stm32h7xx_hal_cortex.o(.text.HAL_MPU_ConfigRegion)
    HAL_MPU_Disable                          0x08001969   Thumb Code    26  stm32h7xx_hal_cortex.o(.text.HAL_MPU_Disable)
    HAL_MPU_Enable                           0x08001989   Thumb Code    32  stm32h7xx_hal_cortex.o(.text.HAL_MPU_Enable)
    HAL_MspInit                              0x080019a9   Thumb Code    32  stm32h7xx_hal_msp.o(.text.HAL_MspInit)
    HAL_NVIC_SetPriority                     0x080019c9   Thumb Code    92  stm32h7xx_hal_cortex.o(.text.HAL_NVIC_SetPriority)
    HAL_NVIC_SetPriorityGrouping             0x08001a29   Thumb Code    32  stm32h7xx_hal_cortex.o(.text.HAL_NVIC_SetPriorityGrouping)
    HAL_PWREx_ConfigSupply                   0x08001a49   Thumb Code    76  stm32h7xx_hal_pwr_ex.o(.text.HAL_PWREx_ConfigSupply)
    HAL_RCC_ClockConfig                      0x08001a99   Thumb Code   616  stm32h7xx_hal_rcc.o(.text.HAL_RCC_ClockConfig)
    HAL_RCC_GetSysClockFreq                  0x08001d01   Thumb Code   276  stm32h7xx_hal_rcc.o(.text.HAL_RCC_GetSysClockFreq)
    HAL_RCC_OscConfig                        0x08001e19   Thumb Code  1306  stm32h7xx_hal_rcc.o(.text.HAL_RCC_OscConfig)
    HAL_SYSTICK_Config                       0x08002339   Thumb Code    46  stm32h7xx_hal_cortex.o(.text.HAL_SYSTICK_Config)
    HardFault_Handler                        0x08002369   Thumb Code     2  stm32h7xx_it.o(.text.HardFault_Handler)
    MX_GPIO_Init                             0x08002371   Thumb Code   136  gpio.o(.text.MX_GPIO_Init)
    MemManage_Handler                        0x080023f9   Thumb Code     2  stm32h7xx_it.o(.text.MemManage_Handler)
    NMI_Handler                              0x08002401   Thumb Code     2  stm32h7xx_it.o(.text.NMI_Handler)
    PendSV_Handler                           0x08002409   Thumb Code     2  stm32h7xx_it.o(.text.PendSV_Handler)
    SVC_Handler                              0x08002411   Thumb Code     2  stm32h7xx_it.o(.text.SVC_Handler)
    SysTick_Handler                          0x08002419   Thumb Code     4  stm32h7xx_it.o(.text.SysTick_Handler)
    SystemClock_Config                       0x08002421   Thumb Code   196  main.o(.text.SystemClock_Config)
    SystemInit                               0x080024e9   Thumb Code   204  system_stm32h7xx.o(.text.SystemInit)
    UsageFault_Handler                       0x080025b9   Thumb Code     2  stm32h7xx_it.o(.text.UsageFault_Handler)
    fputc                                    0x080025c1   Thumb Code    74  retarget_io.o(.text.fputc)
    main                                     0x08002611   Thumb Code   104  main.o(.text.main)
    __scatterload_copy                       0x08002679   Thumb Code    14  handlers.o(i.__scatterload_copy)
    __scatterload_null                       0x08002687   Thumb Code     2  handlers.o(i.__scatterload_null)
    __scatterload_zeroinit                   0x08002689   Thumb Code    14  handlers.o(i.__scatterload_zeroinit)
    puts                                     0x08002699   Thumb Code    30  puts.o(i.puts)
    D1CorePrescTable                         0x080026bc   Data          16  system_stm32h7xx.o(.rodata.D1CorePrescTable)
    EventRecorderInfo                        0x080026cc   Data          24  eventrecorder.o(.rodata.EventRecorderInfo)
    Region$$Table$$Base                      0x080026f0   Number         0  anon$$obj.o(Region$$Table)
    Region$$Table$$Limit                     0x08002720   Number         0  anon$$obj.o(Region$$Table)
    __stdout                                 0x24000000   Data           4  stdout.o(.data)
    uwTickFreq                               0x24000004   Data           1  stm32h7xx_hal.o(.data..L_MergedGlobals)
    uwTickPrio                               0x24000008   Data           4  stm32h7xx_hal.o(.data..L_MergedGlobals)
    SystemCoreClock                          0x2400000c   Data           4  system_stm32h7xx.o(.data..L_MergedGlobals)
    SystemD2Clock                            0x24000010   Data           4  system_stm32h7xx.o(.data..L_MergedGlobals)
    uwTick                                   0x24000024   Data           4  stm32h7xx_hal.o(.bss.uwTick)
    __initial_sp                             0x24001028   Data           0  startup_stm32h750xx.o(STACK)



==============================================================================

Memory Map of the image

  Image Entry point : 0x08000299

  Load Region LR_IROM1 (Base: 0x08000000, Size: 0x00002738, Max: 0x00020000, ABSOLUTE)

    Execution Region ER_IROM1 (Exec base: 0x08000000, Load base: 0x08000000, Size: 0x00002720, Max: 0x00020000, ABSOLUTE)

    Exec Addr    Load Addr    Size         Type   Attr      Idx    E Section Name        Object

    0x08000000   0x08000000   0x00000298   Data   RO            3    RESET               startup_stm32h750xx.o
    0x08000298   0x08000298   0x00000000   Code   RO          944  * .ARM.Collect$$$$00000000  mc_w.l(entry.o)
    0x08000298   0x08000298   0x00000004   Code   RO          967    .ARM.Collect$$$$00000001  mc_w.l(entry2.o)
    0x0800029c   0x0800029c   0x00000004   Code   RO          970    .ARM.Collect$$$$00000004  mc_w.l(entry5.o)
    0x080002a0   0x080002a0   0x00000000   Code   RO          972    .ARM.Collect$$$$00000008  mc_w.l(entry7b.o)
    0x080002a0   0x080002a0   0x00000000   Code   RO          974    .ARM.Collect$$$$0000000A  mc_w.l(entry8b.o)
    0x080002a0   0x080002a0   0x00000008   Code   RO          975    .ARM.Collect$$$$0000000B  mc_w.l(entry9a.o)
    0x080002a8   0x080002a8   0x00000000   Code   RO          977    .ARM.Collect$$$$0000000D  mc_w.l(entry10a.o)
    0x080002a8   0x080002a8   0x00000000   Code   RO          979    .ARM.Collect$$$$0000000F  mc_w.l(entry11a.o)
    0x080002a8   0x080002a8   0x00000004   Code   RO          968    .ARM.Collect$$$$00002712  mc_w.l(entry2.o)
    0x080002ac   0x080002ac   0x00000024   Code   RO            4    .text               startup_stm32h750xx.o
    0x080002d0   0x080002d0   0x00000024   Code   RO          961    .text               mc_w.l(memcpya.o)
    0x080002f4   0x080002f4   0x00000024   Code   RO          963    .text               mc_w.l(memseta.o)
    0x08000318   0x08000318   0x00000024   Code   RO          981    .text               mc_w.l(init.o)
    0x0800033c   0x0800033c   0x00000004   PAD
    0x08000340   0x08000340   0x00000002   Code   RO           41    .text.BusFault_Handler  stm32h7xx_it.o
    0x08000342   0x08000342   0x00000006   PAD
    0x08000348   0x08000348   0x00000002   Code   RO           47    .text.DebugMon_Handler  stm32h7xx_it.o
    0x0800034a   0x0800034a   0x00000006   PAD
    0x08000350   0x08000350   0x000001a0   Code   RO          909    .text.EventRecordData  eventrecorder.o
    0x080004f0   0x080004f0   0x000002b4   Code   RO          899    .text.EventRecordItem  eventrecorder.o
    0x080007a4   0x080007a4   0x00000004   PAD
    0x080007a8   0x080007a8   0x00000240   Code   RO          903    .text.EventRecorderDisable  eventrecorder.o
    0x080009e8   0x080009e8   0x00000b34   Code   RO          895    .text.EventRecorderInitialize  eventrecorder.o
    0x0800151c   0x0800151c   0x00000004   PAD
    0x08001520   0x08001520   0x00000086   Code   RO          901    .text.EventRecorderStart  eventrecorder.o
    0x080015a6   0x080015a6   0x00000002   PAD
    0x080015a8   0x080015a8   0x0000000c   Code   RO          893    .text.EventRecorderTimerGetCount  eventrecorder.o
    0x080015b4   0x080015b4   0x00000004   PAD
    0x080015b8   0x080015b8   0x0000000c   Code   RO          891    .text.EventRecorderTimerGetFreq  eventrecorder.o
    0x080015c4   0x080015c4   0x00000004   PAD
    0x080015c8   0x080015c8   0x00000024   Code   RO          889    .text.EventRecorderTimerSetup  eventrecorder.o
    0x080015ec   0x080015ec   0x00000004   PAD
    0x080015f0   0x080015f0   0x00000028   Code   RO          589    .text.HAL_Delay     stm32h7xx_hal.o
    0x08001618   0x08001618   0x000001e6   Code   RO          277    .text.HAL_GPIO_Init  stm32h7xx_hal_gpio.o
    0x080017fe   0x080017fe   0x00000002   PAD
    0x08001800   0x08001800   0x0000000a   Code   RO          283    .text.HAL_GPIO_WritePin  stm32h7xx_hal_gpio.o
    0x0800180a   0x0800180a   0x00000006   PAD
    0x08001810   0x08001810   0x0000000e   Code   RO          597    .text.HAL_GetREVID  stm32h7xx_hal.o
    0x0800181e   0x0800181e   0x00000002   PAD
    0x08001820   0x08001820   0x0000000c   Code   RO          581    .text.HAL_GetTick   stm32h7xx_hal.o
    0x0800182c   0x0800182c   0x00000004   PAD
    0x08001830   0x08001830   0x0000001a   Code   RO          579    .text.HAL_IncTick   stm32h7xx_hal.o
    0x0800184a   0x0800184a   0x00000006   PAD
    0x08001850   0x08001850   0x00000064   Code   RO          569    .text.HAL_Init      stm32h7xx_hal.o
    0x080018b4   0x080018b4   0x00000004   PAD
    0x080018b8   0x080018b8   0x0000004c   Code   RO          571    .text.HAL_InitTick  stm32h7xx_hal.o
    0x08001904   0x08001904   0x00000004   PAD
    0x08001908   0x08001908   0x00000060   Code   RO           86    .text.HAL_MPU_ConfigRegion  stm32h7xx_hal_cortex.o
    0x08001968   0x08001968   0x0000001a   Code   RO           82    .text.HAL_MPU_Disable  stm32h7xx_hal_cortex.o
    0x08001982   0x08001982   0x00000006   PAD
    0x08001988   0x08001988   0x00000020   Code   RO           84    .text.HAL_MPU_Enable  stm32h7xx_hal_cortex.o
    0x080019a8   0x080019a8   0x00000020   Code   RO           60    .text.HAL_MspInit   stm32h7xx_hal_msp.o
    0x080019c8   0x080019c8   0x0000005c   Code   RO           70    .text.HAL_NVIC_SetPriority  stm32h7xx_hal_cortex.o
    0x08001a24   0x08001a24   0x00000004   PAD
    0x08001a28   0x08001a28   0x00000020   Code   RO           68    .text.HAL_NVIC_SetPriorityGrouping  stm32h7xx_hal_cortex.o
    0x08001a48   0x08001a48   0x0000004c   Code   RO          481    .text.HAL_PWREx_ConfigSupply  stm32h7xx_hal_pwr_ex.o
    0x08001a94   0x08001a94   0x00000004   PAD
    0x08001a98   0x08001a98   0x00000268   Code   RO          120    .text.HAL_RCC_ClockConfig  stm32h7xx_hal_rcc.o
    0x08001d00   0x08001d00   0x00000114   Code   RO          122    .text.HAL_RCC_GetSysClockFreq  stm32h7xx_hal_rcc.o
    0x08001e14   0x08001e14   0x00000004   PAD
    0x08001e18   0x08001e18   0x0000051a   Code   RO          118    .text.HAL_RCC_OscConfig  stm32h7xx_hal_rcc.o
    0x08002332   0x08002332   0x00000006   PAD
    0x08002338   0x08002338   0x0000002e   Code   RO           80    .text.HAL_SYSTICK_Config  stm32h7xx_hal_cortex.o
    0x08002366   0x08002366   0x00000002   PAD
    0x08002368   0x08002368   0x00000002   Code   RO           37    .text.HardFault_Handler  stm32h7xx_it.o
    0x0800236a   0x0800236a   0x00000006   PAD
    0x08002370   0x08002370   0x00000088   Code   RO           26    .text.MX_GPIO_Init  gpio.o
    0x080023f8   0x080023f8   0x00000002   Code   RO           39    .text.MemManage_Handler  stm32h7xx_it.o
    0x080023fa   0x080023fa   0x00000006   PAD
    0x08002400   0x08002400   0x00000002   Code   RO           35    .text.NMI_Handler   stm32h7xx_it.o
    0x08002402   0x08002402   0x00000006   PAD
    0x08002408   0x08002408   0x00000002   Code   RO           49    .text.PendSV_Handler  stm32h7xx_it.o
    0x0800240a   0x0800240a   0x00000006   PAD
    0x08002410   0x08002410   0x00000002   Code   RO           45    .text.SVC_Handler   stm32h7xx_it.o
    0x08002412   0x08002412   0x00000006   PAD
    0x08002418   0x08002418   0x00000004   Code   RO           51    .text.SysTick_Handler  stm32h7xx_it.o
    0x0800241c   0x0800241c   0x00000004   PAD
    0x08002420   0x08002420   0x000000c4   Code   RO           13    .text.SystemClock_Config  main.o
    0x080024e4   0x080024e4   0x00000004   PAD
    0x080024e8   0x080024e8   0x000000cc   Code   RO          875    .text.SystemInit    system_stm32h7xx.o
    0x080025b4   0x080025b4   0x00000004   PAD
    0x080025b8   0x080025b8   0x00000002   Code   RO           43    .text.UsageFault_Handler  stm32h7xx_it.o
    0x080025ba   0x080025ba   0x00000006   PAD
    0x080025c0   0x080025c0   0x0000004a   Code   RO          926    .text.fputc         retarget_io.o
    0x0800260a   0x0800260a   0x00000006   PAD
    0x08002610   0x08002610   0x00000068   Code   RO           11    .text.main          main.o
    0x08002678   0x08002678   0x0000000e   Code   RO          985    i.__scatterload_copy  mc_w.l(handlers.o)
    0x08002686   0x08002686   0x00000002   Code   RO          986    i.__scatterload_null  mc_w.l(handlers.o)
    0x08002688   0x08002688   0x0000000e   Code   RO          987    i.__scatterload_zeroinit  mc_w.l(handlers.o)
    0x08002696   0x08002696   0x00000002   PAD
    0x08002698   0x08002698   0x00000024   Code   RO          949    i.puts              mc_w.l(puts.o)
    0x080026bc   0x080026bc   0x00000010   Data   RO          879    .rodata.D1CorePrescTable  system_stm32h7xx.o
    0x080026cc   0x080026cc   0x00000018   Data   RO          916    .rodata.EventRecorderInfo  eventrecorder.o
    0x080026e4   0x080026e4   0x0000000b   Data   RO           17    .rodata.str1.1      main.o
    0x080026ef   0x080026ef   0x00000001   PAD
    0x080026f0   0x080026f0   0x00000030   Data   RO          984    Region$$Table       anon$$obj.o


    Execution Region RW_IRAM1 (Exec base: 0x20000000, Load base: 0x08002720, Size: 0x000004e4, Max: 0x00020000, ABSOLUTE)

    Exec Addr    Load Addr    Size         Type   Attr      Idx    E Section Name        Object

    0x20000000        -       0x00000001   Zero   RW          917    .bss.TS_OverflowLock  eventrecorder.o
    0x20000001   0x08002720   0x0000003f   PAD
    0x20000040        -       0x000004a4   Zero   RW          915    .bss.noinit         eventrecorder.o


    Execution Region RW_IRAM2 (Exec base: 0x24000000, Load base: 0x08002720, Size: 0x00001028, Max: 0x00080000, ABSOLUTE)

    Exec Addr    Load Addr    Size         Type   Attr      Idx    E Section Name        Object

    0x24000000   0x08002720   0x00000004   Data   RW          959    .data               mc_w.l(stdout.o)
    0x24000004   0x08002724   0x00000008   Data   RW          666    .data..L_MergedGlobals  stm32h7xx_hal.o
    0x2400000c   0x0800272c   0x00000008   Data   RW          880    .data..L_MergedGlobals  system_stm32h7xx.o
    0x24000014   0x08002734   0x00000004   PAD
    0x24000018        -       0x0000000c   Zero   RW          936    .bss..L_MergedGlobals  retarget_io.o
    0x24000024        -       0x00000004   Zero   RW          665    .bss.uwTick         stm32h7xx_hal.o
    0x24000028        -       0x00001000   Zero   RW            1    STACK               startup_stm32h750xx.o


==============================================================================

Image component sizes


      Code (inc. data)   RO Data    RW Data    ZI Data      Debug   Object Name

      4746          0         24          0       1189      19804   eventrecorder.o
       136          0          0          0          0       2946   gpio.o
       300          0         11          0          0       3619   main.o
        74          0          0          0         12       2588   retarget_io.o
        36          8        664          0       4096        840   startup_stm32h750xx.o
       268          0          0          8          4      15012   stm32h7xx_hal.o
       324          0          0          0          0      12320   stm32h7xx_hal_cortex.o
       496          0          0          0          0       7122   stm32h7xx_hal_gpio.o
        32          0          0          0          0       2241   stm32h7xx_hal_msp.o
        76          0          0          0          0      10633   stm32h7xx_hal_pwr_ex.o
      2198         16          0          0          0      11658   stm32h7xx_hal_rcc.o
        20          0          0          0          0       1156   stm32h7xx_it.o
       204          0         16          8          0       5902   system_stm32h7xx.o

    ----------------------------------------------------------------------
      9052         28        764         16       5368      95841   Object Totals
         0          0         48          0          0          0   (incl. Generated)
       142          4          1          0         67          0   (incl. Padding)

    ----------------------------------------------------------------------

      Code (inc. data)   RO Data    RW Data    ZI Data      Debug   Library Member Name

         0          0          0          0          0          0   entry.o
         0          0          0          0          0          0   entry10a.o
         0          0          0          0          0          0   entry11a.o
         8          4          0          0          0          0   entry2.o
         4          0          0          0          0          0   entry5.o
         0          0          0          0          0          0   entry7b.o
         0          0          0          0          0          0   entry8b.o
         8          4          0          0          0          0   entry9a.o
        30          0          0          0          0          0   handlers.o
        36          8          0          0          0         68   init.o
        36          0          0          0          0         68   memcpya.o
        36          0          0          0          0        108   memseta.o
        36          6          0          0          0         80   puts.o
         0          0          0          4          0          0   stdout.o

    ----------------------------------------------------------------------
       200         26          0          4          0        324   Library Totals
         6          4          0          0          0          0   (incl. Padding)

    ----------------------------------------------------------------------

      Code (inc. data)   RO Data    RW Data    ZI Data      Debug   Library Name

       194         22          0          4          0        324   mc_w.l

    ----------------------------------------------------------------------
       200         26          0          4          0        324   Library Totals

    ----------------------------------------------------------------------

==============================================================================


      Code (inc. data)   RO Data    RW Data    ZI Data      Debug   

      9252         54        764         20       5368      96097   Grand Totals
      9252         54        764         20       5368      96097   ELF Image Totals
      9252         54        764         20          0          0   ROM Totals

==============================================================================

    Total RO  Size (Code + RO Data)                10016 (   9.78kB)
    Total RW  Size (RW Data + ZI Data)              5388 (   5.26kB)
    Total ROM Size (Code + RO Data + RW Data)      10036 (   9.80kB)

==============================================================================

